Component: Arm Compiler for Embedded 6.24 Tool: armlink [5f371500]

==============================================================================

Section Cross References

    main.o(.text.main) refers to systick_delay.o(.text.SysTick_Delay_Init) for SysTick_Delay_Init
    main.o(.text.main) refers to pulse_sensor.o(.text.Pulse_Sensor_Init) for Pulse_Sensor_Init
    main.o(.text.main) refers to lcd.o(.text.EduBase_LCD_Init) for EduBase_LCD_Init
    main.o(.text.main) refers to lcd.o(.text.EduBase_LCD_Clear_Display) for EduBase_LCD_Clear_Display
    main.o(.text.main) refers to systick_delay.o(.text.SysTick_Delay1ms) for SysTick_Delay1ms
    main.o(.text.main) refers to pulse_sensor.o(.text.Pulse_Sensor_Read) for Pulse_Sensor_Read
    main.o(.text.main) refers to lcd.o(.text.EduBase_LCD_Set_Cursor) for EduBase_LCD_Set_Cursor
    main.o(.text.main) refers to main.o(.rodata.str1.1) for .L.str
    main.o(.text.main) refers to lcd.o(.text.EduBase_LCD_Display_String) for EduBase_LCD_Display_String
    main.o(.text.main) refers to lcd.o(.text.EduBase_LCD_Display_Integer) for EduBase_LCD_Display_Integer
    main.o(.ARM.exidx.text.main) refers to main.o(.text.main) for [Anonymous Symbol]
    pulse_sensor.o(.ARM.exidx.text.Pulse_Sensor_Init) refers to pulse_sensor.o(.text.Pulse_Sensor_Init) for [Anonymous Symbol]
    pulse_sensor.o(.ARM.exidx.text.Pulse_Sensor_Read) refers to pulse_sensor.o(.text.Pulse_Sensor_Read) for [Anonymous Symbol]
    lcd.o(.ARM.exidx.text.EduBase_LCD_Ports_Init) refers to lcd.o(.text.EduBase_LCD_Ports_Init) for [Anonymous Symbol]
    lcd.o(.text.EduBase_LCD_Pulse_Enable) refers to systick_delay.o(.text.SysTick_Delay1us) for SysTick_Delay1us
    lcd.o(.ARM.exidx.text.EduBase_LCD_Pulse_Enable) refers to lcd.o(.text.EduBase_LCD_Pulse_Enable) for [Anonymous Symbol]
    lcd.o(.text.EduBase_LCD_Write_4_Bits) refers to lcd.o(.text.EduBase_LCD_Pulse_Enable) for EduBase_LCD_Pulse_Enable
    lcd.o(.text.EduBase_LCD_Write_4_Bits) refers to systick_delay.o(.text.SysTick_Delay1us) for SysTick_Delay1us
    lcd.o(.ARM.exidx.text.EduBase_LCD_Write_4_Bits) refers to lcd.o(.text.EduBase_LCD_Write_4_Bits) for [Anonymous Symbol]
    lcd.o(.text.EduBase_LCD_Send_Command) refers to lcd.o(.text.EduBase_LCD_Write_4_Bits) for EduBase_LCD_Write_4_Bits
    lcd.o(.text.EduBase_LCD_Send_Command) refers to systick_delay.o(.text.SysTick_Delay1us) for SysTick_Delay1us
    lcd.o(.ARM.exidx.text.EduBase_LCD_Send_Command) refers to lcd.o(.text.EduBase_LCD_Send_Command) for [Anonymous Symbol]
    lcd.o(.text.EduBase_LCD_Send_Data) refers to lcd.o(.text.EduBase_LCD_Write_4_Bits) for EduBase_LCD_Write_4_Bits
    lcd.o(.ARM.exidx.text.EduBase_LCD_Send_Data) refers to lcd.o(.text.EduBase_LCD_Send_Data) for [Anonymous Symbol]
    lcd.o(.text.EduBase_LCD_Init) refers to lcd.o(.text.EduBase_LCD_Ports_Init) for EduBase_LCD_Ports_Init
    lcd.o(.text.EduBase_LCD_Init) refers to systick_delay.o(.text.SysTick_Delay1us) for SysTick_Delay1us
    lcd.o(.text.EduBase_LCD_Init) refers to lcd.o(.text.EduBase_LCD_Write_4_Bits) for EduBase_LCD_Write_4_Bits
    lcd.o(.text.EduBase_LCD_Init) refers to lcd.o(.text.EduBase_LCD_Send_Command) for EduBase_LCD_Send_Command
    lcd.o(.text.EduBase_LCD_Init) refers to lcd.o(.text.EduBase_LCD_Enable_Display) for EduBase_LCD_Enable_Display
    lcd.o(.text.EduBase_LCD_Init) refers to lcd.o(.text.EduBase_LCD_Return_Home) for EduBase_LCD_Return_Home
    lcd.o(.text.EduBase_LCD_Init) refers to lcd.o(.text.EduBase_LCD_Clear_Display) for EduBase_LCD_Clear_Display
    lcd.o(.text.EduBase_LCD_Init) refers to lcd.o(.text.EduBase_LCD_Disable_Cursor_Blink) for EduBase_LCD_Disable_Cursor_Blink
    lcd.o(.text.EduBase_LCD_Init) refers to lcd.o(.text.EduBase_LCD_Disable_Cursor) for EduBase_LCD_Disable_Cursor
    lcd.o(.ARM.exidx.text.EduBase_LCD_Init) refers to lcd.o(.text.EduBase_LCD_Init) for [Anonymous Symbol]
    lcd.o(.text.EduBase_LCD_Enable_Display) refers to lcd.o(.bss.display_control) for display_control
    lcd.o(.text.EduBase_LCD_Enable_Display) refers to lcd.o(.text.EduBase_LCD_Send_Command) for EduBase_LCD_Send_Command
    lcd.o(.ARM.exidx.text.EduBase_LCD_Enable_Display) refers to lcd.o(.text.EduBase_LCD_Enable_Display) for [Anonymous Symbol]
    lcd.o(.text.EduBase_LCD_Return_Home) refers to lcd.o(.text.EduBase_LCD_Send_Command) for EduBase_LCD_Send_Command
    lcd.o(.ARM.exidx.text.EduBase_LCD_Return_Home) refers to lcd.o(.text.EduBase_LCD_Return_Home) for [Anonymous Symbol]
    lcd.o(.text.EduBase_LCD_Clear_Display) refers to lcd.o(.text.EduBase_LCD_Send_Command) for EduBase_LCD_Send_Command
    lcd.o(.ARM.exidx.text.EduBase_LCD_Clear_Display) refers to lcd.o(.text.EduBase_LCD_Clear_Display) for [Anonymous Symbol]
    lcd.o(.text.EduBase_LCD_Disable_Cursor_Blink) refers to lcd.o(.bss.display_control) for display_control
    lcd.o(.text.EduBase_LCD_Disable_Cursor_Blink) refers to lcd.o(.text.EduBase_LCD_Send_Command) for EduBase_LCD_Send_Command
[...]
    ../clib/printf.c                         0x00000000   Number         0  _printf_hex_int_ptr.o ABSOLUTE
    ../clib/printf.c                         0x00000000   Number         0  _printf_hex_ll_ptr.o ABSOLUTE
    ../clib/printf.c                         0x00000000   Number         0  _printf_hex_int_ll_ptr.o ABSOLUTE
    ../clib/printf.c                         0x00000000   Number         0  __printf_flags.o ABSOLUTE
    ../clib/printf.c                         0x00000000   Number         0  __printf_ss.o ABSOLUTE
    ../clib/printf.c                         0x00000000   Number         0  __printf_flags_ss.o ABSOLUTE
    ../clib/printf.c                         0x00000000   Number         0  __printf_wp.o ABSOLUTE
    ../clib/printf.c                         0x00000000   Number         0  __printf_flags_wp.o ABSOLUTE
    ../clib/printf.c                         0x00000000   Number         0  __printf_ss_wp.o ABSOLUTE
    ../clib/printf.c                         0x00000000   Number         0  __printf_flags_ss_wp.o ABSOLUTE
    ../clib/printf.c                         0x00000000   Number         0  _printf_intcommon.o ABSOLUTE
    ../clib/printf.c                         0x00000000   Number         0  _printf_fp_dec.o ABSOLUTE
    ../clib/printf.c                         0x00000000   Number         0  _printf_fp_dec_accurate.o ABSOLUTE
    ../clib/printf.c                         0x00000000   Number         0  _printf_fp_hex.o ABSOLUTE
    ../clib/printf.c                         0x00000000   Number         0  __printf_nopercent.o ABSOLUTE
    ../clib/printf.c                         0x00000000   Number         0  _printf_char.o ABSOLUTE
    ../clib/printf.c                         0x00000000   Number         0  _printf_wchar.o ABSOLUTE
    ../clib/printf.c                         0x00000000   Number         0  _printf_fp_infnan.o ABSOLUTE
    ../clib/printf_percent.s                 0x00000000   Number         0  _printf_c.o ABSOLUTE
    ../clib/printf_percent.s                 0x00000000   Number         0  _printf_s.o ABSOLUTE
    ../clib/printf_percent.s                 0x00000000   Number         0  _printf_n.o ABSOLUTE
    ../clib/printf_percent.s                 0x00000000   Number         0  _printf_x.o ABSOLUTE
    ../clib/printf_percent.s                 0x00000000   Number         0  _printf_p.o ABSOLUTE
    ../clib/printf_percent.s                 0x00000000   Number         0  _printf_o.o ABSOLUTE
    ../clib/printf_percent.s                 0x00000000   Number         0  _printf_i.o ABSOLUTE
    ../clib/printf_percent.s                 0x00000000   Number         0  _printf_d.o ABSOLUTE
    ../clib/printf_percent.s                 0x00000000   Number         0  _printf_u.o ABSOLUTE
    ../clib/printf_percent.s                 0x00000000   Number         0  _printf_f.o ABSOLUTE
    ../clib/printf_percent.s                 0x00000000   Number         0  _printf_e.o ABSOLUTE
    ../clib/printf_percent.s                 0x00000000   Number         0  _printf_g.o ABSOLUTE
    ../clib/printf_percent.s                 0x00000000   Number         0  _printf_a.o ABSOLUTE
    ../clib/printf_percent.s                 0x00000000   Number         0  _printf_percent.o ABSOLUTE
    ../clib/printf_percent.s                 0x00000000   Number         0  _printf_lli.o ABSOLUTE
    ../clib/printf_percent.s                 0x00000000   Number         0  _printf_lld.o ABSOLUTE
    ../clib/printf_percent.s                 0x00000000   Number         0  _printf_llu.o ABSOLUTE
    ../clib/printf_percent.s                 0x00000000   Number         0  _printf_ll.o ABSOLUTE
    ../clib/printf_percent.s                 0x00000000   Number         0  _printf_l.o ABSOLUTE
    ../clib/printf_percent.s                 0x00000000   Number         0  _printf_lc.o ABSOLUTE
    ../clib/printf_percent.s                 0x00000000   Number         0  _printf_ls.o ABSOLUTE
    ../clib/printf_percent.s                 0x00000000   Number         0  _printf_llo.o ABSOLUTE
    ../clib/printf_percent.s                 0x00000000   Number         0  _printf_llx.o ABSOLUTE
    ../clib/printf_percent.s                 0x00000000   Number         0  _printf_percent_end.o ABSOLUTE
    ../clib/signal.c                         0x00000000   Number         0  defsig_rtmem_outer.o ABSOLUTE
    ../clib/signal.c                         0x00000000   Number         0  defsig_rtmem_formal.o ABSOLUTE
    ../clib/signal.c                         0x00000000   Number         0  defsig_exit.o ABSOLUTE
    ../clib/signal.c                         0x00000000   Number         0  defsig_rtmem_inner.o ABSOLUTE
    ../clib/signal.c                         0x00000000   Number         0  __raise.o ABSOLUTE
    ../clib/signal.c                         0x00000000   Number         0  defsig_general.o ABSOLUTE
    ../clib/signal.c                         0x00000000   Number         0  defsig_abrt_inner.o ABSOLUTE
    ../clib/signal.c                         0x00000000   Number         0  defsig_fpe_inner.o ABSOLUTE
    ../clib/signal.c                         0x00000000   Number         0  defsig_rtred_inner.o ABSOLUTE
    ../clib/signal.c                         0x00000000   Number         0  defsig_stak_inner.o ABSOLUTE
    ../clib/signal.c                         0x00000000   Number         0  defsig_pvfn_inner.o ABSOLUTE
    ../clib/signal.c                         0x00000000   Number         0  defsig_cppl_inner.o ABSOLUTE
    ../clib/signal.c                         0x00000000   Number         0  defsig_segv_inner.o ABSOLUTE
    ../clib/signal.c                         0x00000000   Number         0  defsig_other.o ABSOLUTE
    ../clib/signal.s                         0x00000000   Number         0  defsig.o ABSOLUTE
    ../clib/stdlib.c                         0x00000000   Number         0  exit.o ABSOLUTE
    ../clib/string.c                         0x00000000   Number         0  strlen.o ABSOLUTE
    ../fplib/fpinit.s                        0x00000000   Number         0  fpinit.o ABSOLUTE
    ../fplib/istatus.s                       0x00000000   Number         0  istatus.o ABSOLUTE
    ../fplib/printf1.s                       0x00000000   Number         0  printf1.o ABSOLUTE
    ../fplib/printf2.s                       0x00000000   Number         0  printf2.o ABSOLUTE
    ../fplib/printf2a.s                      0x00000000   Number         0  printf2a.o ABSOLUTE
    ../fplib/printf2b.s                      0x00000000   Number         0  printf2b.o ABSOLUTE
    ../fplib/usenofp.s                       0x00000000   Number         0  usenofp.o ABSOLUTE
    ../mathlib/fpclassify.c                  0x00000000   Number         0  fpclassify.o ABSOLUTE
    LCD.c                                    0x00000000   Number         0  lcd.o ABSOLUTE
    RTE/Device/TM4C123GH6PM/startup_TM4C123.s 0x00000000   Number         0  startup_tm4c123.o ABSOLUTE
    SysTick_Delay.c                          0x00000000   Number         0  systick_delay.o ABSOLUTE
    dc.s                                     0x00000000   Number         0  dc.o ABSOLUTE
    main.c                                   0x00000000   Number         0  main.o ABSOLUTE
    pulse_sensor.c                           0x00000000   Number         0  pulse_sensor.o ABSOLUTE
    system_TM4C123.c                         0x00000000   Number         0  system_tm4c123.o ABSOLUTE
    RESET                                    0x00000000   Section      620  startup_tm4c123.o(RESET)
    !!!main                                  0x0000026c   Section        8  __main.o(!!!main)
    !!!scatter                               0x00000274   Section       92  __scatter.o(!!!scatter)
    !!handler_null                           0x000002d0   Section        2  __scatter.o(!!handler_null)
    !!handler_zi                             0x000002d4   Section       28  __scatter_zi.o(!!handler_zi)
    .ARM.Collect$$_printf_percent$$00000000  0x000002f0   Section        0  _printf_percent.o(.ARM.Collect$$_printf_percent$$00000000)
    .ARM.Collect$$_printf_percent$$00000001  0x000002f0   Section        6  _printf_n.o(.ARM.Collect$$_printf_percent$$00000001)
    .ARM.Collect$$_printf_percent$$00000002  0x000002f6   Section        6  _printf_p.o(.ARM.Collect$$_printf_percent$$00000002)
    .ARM.Collect$$_printf_percent$$00000003  0x000002fc   Section        6  _printf_f.o(.ARM.Collect$$_printf_percent$$00000003)
    .ARM.Collect$$_printf_percent$$00000004  0x00000302   Section        6  _printf_e.o(.ARM.Collect$$_printf_percent$$00000004)
    .ARM.Collect$$_printf_percent$$00000005  0x00000308   Section        6  _printf_g.o(.ARM.Collect$$_printf_percent$$00000005)
    .ARM.Collect$$_printf_percent$$00000006  0x0000030e   Section        6  _printf_a.o(.ARM.Collect$$_printf_percent$$00000006)
    .ARM.Collect$$_printf_percent$$00000007  0x00000314   Section       10  _printf_ll.o(.ARM.Collect$$_printf_percent$$00000007)
    .ARM.Collect$$_printf_percent$$00000008  0x0000031e   Section        6  _printf_i.o(.ARM.Collect$$_printf_percent$$00000008)
    .ARM.Collect$$_printf_percent$$00000009  0x00000324   Section        6  _printf_d.o(.ARM.Collect$$_printf_percent$$00000009)
    .ARM.Collect$$_printf_percent$$0000000A  0x0000032a   Section        6  _printf_u.o(.ARM.Collect$$_printf_percent$$0000000A)
    .ARM.Collect$$_printf_percent$$0000000B  0x00000330   Section        6  _printf_o.o(.ARM.Collect$$_printf_percent$$0000000B)
    .ARM.Collect$$_printf_percent$$0000000C  0x00000336   Section        6  _printf_x.o(.ARM.Collect$$_printf_percent$$0000000C)
    .ARM.Collect$$_printf_percent$$0000000D  0x0000033c   Section        6  _printf_lli.o(.ARM.Collect$$_printf_percent$$0000000D)
    .ARM.Collect$$_printf_percent$$0000000E  0x00000342   Section        6  _printf_lld.o(.ARM.Collect$$_printf_percent$$0000000E)
    .ARM.Collect$$_printf_percent$$0000000F  0x00000348   Section        6  _printf_llu.o(.ARM.Collect$$_printf_percent$$0000000F)
    .ARM.Collect$$_printf_percent$$00000010  0x0000034e   Section        6  _printf_llo.o(.ARM.Collect$$_printf_percent$$00000010)
    .ARM.Collect$$_printf_percent$$00000011  0x00000354   Section        6  _printf_llx.o(.ARM.Collect$$_printf_percent$$00000011)
    .ARM.Collect$$_printf_percent$$00000012  0x0000035a   Section       10  _printf_l.o(.ARM.Collect$$_printf_percent$$00000012)
    .ARM.Collect$$_printf_percent$$00000013  0x00000364   Section        6  _printf_c.o(.ARM.Collect$$_printf_percent$$00000013)
    .ARM.Collect$$_printf_percent$$00000014  0x0000036a   Section        6  _printf_s.o(.ARM.Collect$$_printf_percent$$00000014)
    .ARM.Collect$$_printf_percent$$00000015  0x00000370   Section        6  _printf_lc.o(.ARM.Collect$$_printf_percent$$00000015)
    .ARM.Collect$$_printf_percent$$00000016  0x00000376   Section        6  _printf_ls.o(.ARM.Collect$$_printf_percent$$00000016)
    .ARM.Collect$$_printf_percent$$00000017  0x0000037c   Section        4  _printf_percent_end.o(.ARM.Collect$$_printf_percent$$00000017)
    .ARM.Collect$$libinit$$00000000          0x00000380   Section        2  libinit.o(.ARM.Collect$$libinit$$00000000)
    .ARM.Collect$$libinit$$00000001          0x00000382   Section        4  libinit2.o(.ARM.Collect$$libinit$$00000001)
    .ARM.Collect$$libinit$$00000004          0x00000386   Section        0  libinit2.o(.ARM.Collect$$libinit$$00000004)
    .ARM.Collect$$libinit$$00000006          0x00000386   Section        0  libinit2.o(.ARM.Collect$$libinit$$00000006)
    .ARM.Collect$$libinit$$0000000C          0x00000386   Section        0  libinit2.o(.ARM.Collect$$libinit$$0000000C)
    .ARM.Collect$$libinit$$0000000E          0x00000386   Section        0  libinit2.o(.ARM.Collect$$libinit$$0000000E)
    .ARM.Collect$$libinit$$00000010          0x00000386   Section        0  libinit2.o(.ARM.Collect$$libinit$$00000010)
    .ARM.Collect$$libinit$$00000011          0x00000386   Section        6  libinit2.o(.ARM.Collect$$libinit$$00000011)
    .ARM.Collect$$libinit$$00000013          0x0000038c   Section        0  libinit2.o(.ARM.Collect$$libinit$$00000013)
    .ARM.Collect$$libinit$$00000014          0x0000038c   Section       12  libinit2.o(.ARM.Collect$$libinit$$00000014)
    .ARM.Collect$$libinit$$00000015          0x00000398   Section        0  libinit2.o(.ARM.Collect$$libinit$$00000015)
    .ARM.Collect$$libinit$$00000017          0x00000398   Section        0  libinit2.o(.ARM.Collect$$libinit$$00000017)
    .ARM.Collect$$libinit$$00000018          0x00000398   Section       10  libinit2.o(.ARM.Collect$$libinit$$00000018)
    .ARM.Collect$$libinit$$00000019          0x000003a2   Section        0  libinit2.o(.ARM.Collect$$libinit$$00000019)
    .ARM.Collect$$libinit$$0000001B          0x000003a2   Section        0  libinit2.o(.ARM.Collect$$libinit$$0000001B)
    .ARM.Collect$$libinit$$0000001D          0x000003a2   Section        0  libinit2.o(.ARM.Collect$$libinit$$0000001D)
    .ARM.Collect$$libinit$$0000001F          0x000003a2   Section        0  libinit2.o(.ARM.Collect$$libinit$$0000001F)
    .ARM.Collect$$libinit$$00000021          0x000003a2   Section        0  libinit2.o(.ARM.Collect$$libinit$$00000021)
    .ARM.Collect$$libinit$$00000023          0x000003a2   Section        0  libinit2.o(.ARM.Collect$$libinit$$00000023)
    .ARM.Collect$$libinit$$00000025          0x000003a2   Section        0  libinit2.o(.ARM.Collect$$libinit$$00000025)
    .ARM.Collect$$libinit$$00000027          0x000003a2   Section        0  libinit2.o(.ARM.Collect$$libinit$$00000027)
    .ARM.Collect$$libinit$$0000002E          0x000003a2   Section        0  libinit2.o(.ARM.Collect$$libinit$$0000002E)
    .ARM.Collect$$libinit$$00000030          0x000003a2   Section        0  libinit2.o(.ARM.Collect$$libinit$$00000030)
    .ARM.Collect$$libinit$$00000032          0x000003a2   Section        0  libinit2.o(.ARM.Collect$$libinit$$00000032)
    .ARM.Collect$$libinit$$00000034          0x000003a2   Section        0  libinit2.o(.ARM.Collect$$libinit$$00000034)
    .ARM.Collect$$libinit$$00000035          0x000003a2   Section        2  libinit2.o(.ARM.Collect$$libinit$$00000035)
    .ARM.Collect$$libshutdown$$00000000      0x000003a4   Section        2  libshutdown.o(.ARM.Collect$$libshutdown$$00000000)
    .ARM.Collect$$libshutdown$$00000002      0x000003a6   Section        0  libshutdown2.o(.ARM.Collect$$libshutdown$$00000002)
    .ARM.Collect$$libshutdown$$00000004      0x000003a6   Section        0  libshutdown2.o(.ARM.Collect$$libshutdown$$00000004)
    .ARM.Collect$$libshutdown$$00000007      0x000003a6   Section        0  libshutdown2.o(.ARM.Collect$$libshutdown$$00000007)
    .ARM.Collect$$libshutdown$$0000000A      0x000003a6   Section        0  libshutdown2.o(.ARM.Collect$$libshutdown$$0000000A)
    .ARM.Collect$$libshutdown$$0000000C      0x000003a6   Section        0  libshutdown2.o(.ARM.Collect$$libshutdown$$0000000C)
    .ARM.Collect$$libshutdown$$0000000F      0x000003a6   Section        0  libshutdown2.o(.ARM.Collect$$libshutdown$$0000000F)
    .ARM.Collect$$libshutdown$$00000010      0x000003a6   Section        2  libshutdown2.o(.ARM.Collect$$libshutdown$$00000010)
    .ARM.Collect$$rtentry$$00000000          0x000003a8   Section        0  __rtentry.o(.ARM.Collect$$rtentry$$00000000)
    .ARM.Collect$$rtentry$$00000002          0x000003a8   Section        0  __rtentry2.o(.ARM.Collect$$rtentry$$00000002)
    .ARM.Collect$$rtentry$$00000004          0x000003a8   Section        6  __rtentry4.o(.ARM.Collect$$rtentry$$00000004)
    .ARM.Collect$$rtentry$$00000009          0x000003ae   Section        0  __rtentry2.o(.ARM.Collect$$rtentry$$00000009)
    .ARM.Collect$$rtentry$$0000000A          0x000003ae   Section        4  __rtentry2.o(.ARM.Collect$$rtentry$$0000000A)
    .ARM.Collect$$rtentry$$0000000C          0x000003b2   Section        0  __rtentry2.o(.ARM.Collect$$rtentry$$0000000C)
    .ARM.Collect$$rtentry$$0000000D          0x000003b2   Section        8  __rtentry2.o(.ARM.Collect$$rtentry$$0000000D)
    .ARM.Collect$$rtexit$$00000000           0x000003ba   Section        2  rtexit.o(.ARM.Collect$$rtexit$$00000000)
    .ARM.Collect$$rtexit$$00000002           0x000003bc   Section        0  rtexit2.o(.ARM.Collect$$rtexit$$00000002)
    .ARM.Collect$$rtexit$$00000003           0x000003bc   Section        4  rtexit2.o(.ARM.Collect$$rtexit$$00000003)
    .ARM.Collect$$rtexit$$00000004           0x000003c0   Section        6  rtexit2.o(.ARM.Collect$$rtexit$$00000004)
    $v0                                      0x000003c8   Number         0  startup_tm4c123.o(.text)
    .text                                    0x000003c8   Section      276  startup_tm4c123.o(.text)
    .text                                    0x000004dc   Section        0  sprintf.o(.text)
    .text                                    0x00000508   Section        0  strlen.o(.text)
    .text                                    0x00000546   Section        0  heapauxi.o(.text)
    .text                                    0x0000054c   Section        0  _printf_pad.o(.text)
    .text                                    0x0000059a   Section        0  _printf_truncate.o(.text)
    .text                                    0x000005be   Section        0  _printf_str.o(.text)
    .text                                    0x00000610   Section        0  _printf_dec.o(.text)
    .text                                    0x00000688   Section        0  _printf_charcount.o(.text)
    _printf_input_char                       0x000006b1   Thumb Code    10  _printf_char_common.o(.text)
    .text                                    0x000006b0   Section        0  _printf_char_common.o(.text)
    .text                                    0x000006e0   Section        0  _sputc.o(.text)
    .text                                    0x000006ec   Section        0  _printf_wctomb.o(.text)
    .text                                    0x000007a8   Section        0  _printf_longlong_dec.o(.text)
    _printf_longlong_oct_internal            0x00000825   Thumb Code     0  _printf_oct_int_ll.o(.text)
    .text                                    0x00000824   Section        0  _printf_oct_int_ll.o(.text)
    _printf_hex_common                       0x00000895   Thumb Code     0  _printf_hex_int_ll_ptr.o(.text)
    .text                                    0x00000894   Section        0  _printf_hex_int_ll_ptr.o(.text)
    .text                                    0x00000928   Section        0  __printf_flags_ss_wp.o(.text)
    .text                                    0x00000ab0   Section      138  lludiv10.o(.text)
    .text                                    0x00000b3a   Section        0  _printf_intcommon.o(.text)
    _fp_digits                               0x00000bed   Thumb Code   432  _printf_fp_dec.o(.text)
    .text                                    0x00000bec   Section        0  _printf_fp_dec.o(.text)
    .text                                    0x00001008   Section        0  _printf_fp_hex.o(.text)
    .text                                    0x00001304   Section        0  _printf_char.o(.text)
    .text                                    0x00001330   Section        0  _printf_wchar.o(.text)
    .text                                    0x0000135c   Section        0  _c16rtomb.o(.text)
    .text                                    0x000013a4   Section       74  sys_stackheap_outer.o(.text)
    .text                                    0x000013f0   Section       16  rt_ctype_table.o(.text)
    .text                                    0x00001400   Section        8  rt_locale_intlibspace.o(.text)
    .text                                    0x00001408   Section        0  _printf_fp_infnan.o(.text)
    .text                                    0x00001488   Section        0  bigflt0.o(.text)
    .text                                    0x0000156c   Section        0  exit.o(.text)
    .text                                    0x00001580   Section        8  libspace.o(.text)
    .text                                    0x00001588   Section      124  strcmpv7em.o(.text)
    .text                                    0x00001604   Section        0  sys_exit.o(.text)
    .text                                    0x00001610   Section        2  use_no_semi.o(.text)
    .text                                    0x00001612   Section        0  indicate_semi.o(.text)
    [Anonymous Symbol]                       0x00001614   Section        0  lcd.o(.text.EduBase_LCD_Clear_Display)
    [Anonymous Symbol]                       0x00001620   Section        0  lcd.o(.text.EduBase_LCD_Disable_Cursor)
    [Anonymous Symbol]                       0x00001640   Section        0  lcd.o(.text.EduBase_LCD_Disable_Cursor_Blink)
    [Anonymous Symbol]                       0x00001660   Section        0  lcd.o(.text.EduBase_LCD_Display_Integer)
    [Anonymous Symbol]                       0x00001684   Section        0  lcd.o(.text.EduBase_LCD_Display_String)
    [Anonymous Symbol]                       0x000016bc   Section        0  lcd.o(.text.EduBase_LCD_Enable_Display)
    [Anonymous Symbol]                       0x000016dc   Section        0  lcd.o(.text.EduBase_LCD_Init)
    [Anonymous Symbol]                       0x00001744   Section        0  lcd.o(.text.EduBase_LCD_Ports_Init)
    [Anonymous Symbol]                       0x00001830   Section        0  lcd.o(.text.EduBase_LCD_Pulse_Enable)
    [Anonymous Symbol]                       0x0000186c   Section        0  lcd.o(.text.EduBase_LCD_Return_Home)
    [Anonymous Symbol]                       0x00001878   Section        0  lcd.o(.text.EduBase_LCD_Send_Command)
    [Anonymous Symbol]                       0x000018c0   Section        0  lcd.o(.text.EduBase_LCD_Send_Data)
    [Anonymous Symbol]                       0x000018ec   Section        0  lcd.o(.text.EduBase_LCD_Set_Cursor)
    [Anonymous Symbol]                       0x0000193c   Section        0  lcd.o(.text.EduBase_LCD_Write_4_Bits)
    [Anonymous Symbol]                       0x000019b0   Section        0  pulse_sensor.o(.text.Pulse_Sensor_Init)
    [Anonymous Symbol]                       0x00001a68   Section        0  pulse_sensor.o(.text.Pulse_Sensor_Read)
    [Anonymous Symbol]                       0x00001ab0   Section        0  systick_delay.o(.text.SysTick_Delay1ms)
    [Anonymous Symbol]                       0x00001afc   Section        0  systick_delay.o(.text.SysTick_Delay1us)
    [Anonymous Symbol]                       0x00001b28   Section        0  systick_delay.o(.text.SysTick_Delay_Init)
    [Anonymous Symbol]                       0x00001b54   Section        0  systick_delay.o(.text.SysTick_Handler)
    [Anonymous Symbol]                       0x00001b9c   Section        0  system_tm4c123.o(.text.SystemInit)
    [Anonymous Symbol]                       0x00001ca8   Section        0  main.o(.text.main)
    CL$$btod_d2e                             0x00001eca   Section       62  btod.o(CL$$btod_d2e)
    CL$$btod_d2e_denorm_low                  0x00001f08   Section       70  btod.o(CL$$btod_d2e_denorm_low)
    CL$$btod_d2e_norm_op1                    0x00001f4e   Section       96  btod.o(CL$$btod_d2e_norm_op1)
    CL$$btod_div_common                      0x00001fb0   Section      824  btod.o(CL$$btod_div_common)
    CL$$btod_e2e                             0x000022e8   Section      220  btod.o(CL$$btod_e2e)
    CL$$btod_ediv                            0x000023c4   Section       42  btod.o(CL$$btod_ediv)
    CL$$btod_emul                            0x000023ee   Section       42  btod.o(CL$$btod_emul)
    CL$$btod_mult_common                     0x00002418   Section      580  btod.o(CL$$btod_mult_common)
    i.__ARM_fpclassify                       0x0000265c   Section        0  fpclassify.o(i.__ARM_fpclassify)
    i._is_digit                              0x0000268c   Section        0  __printf_wp.o(i._is_digit)
    locale$$code                             0x0000269c   Section       44  lc_numeric_c.o(locale$$code)
    locale$$code                             0x000026c8   Section       44  lc_ctype_c.o(locale$$code)
    $v0                                      0x000026f4   Number         0  fpinit.o(x$fpl$fpinit)
    x$fpl$fpinit                             0x000026f4   Section       26  fpinit.o(x$fpl$fpinit)
    $v0                                      0x0000270e   Number         0  printf1.o(x$fpl$printf1)
    x$fpl$printf1                            0x0000270e   Section        4  printf1.o(x$fpl$printf1)
    $v0                                      0x00002712   Number         0  printf2.o(x$fpl$printf2)
    x$fpl$printf2                            0x00002712   Section        4  printf2.o(x$fpl$printf2)
    x$fpl$usenofp                            0x00002716   Section        0  usenofp.o(x$fpl$usenofp)
    initial_mbstate                          0x00002718   Data           8  _printf_wctomb.o(.constdata)
    .constdata                               0x00002718   Section        8  _printf_wctomb.o(.constdata)
    uc_hextab                                0x00002720   Data          20  _printf_hex_int_ll_ptr.o(.constdata)
    .constdata                               0x00002720   Section       40  _printf_hex_int_ll_ptr.o(.constdata)
    lc_hextab                                0x00002734   Data          20  _printf_hex_int_ll_ptr.o(.constdata)
    maptable                                 0x00002748   Data          17  __printf_flags_ss_wp.o(.constdata)
    .constdata                               0x00002748   Section       17  __printf_flags_ss_wp.o(.constdata)
    lc_hextab                                0x00002759   Data          19  _printf_fp_hex.o(.constdata)
    .constdata                               0x00002759   Section       38  _printf_fp_hex.o(.constdata)
    uc_hextab                                0x0000276c   Data          19  _printf_fp_hex.o(.constdata)
    tenpwrs_x                                0x00002780   Data          60  bigflt0.o(.constdata)
    .constdata                               0x00002780   Section      148  bigflt0.o(.constdata)
    tenpwrs_i                                0x000027bc   Data          64  bigflt0.o(.constdata)
    .L.str                                   0x00002814   Data          17  main.o(.rodata.str1.1)
    [Anonymous Symbol]                       0x00002814   Section        0  main.o(.rodata.str1.1)
    .L.str.4                                 0x00002825   Data          16  main.o(.rodata.str1.1)
    .L.str.5                                 0x00002835   Data          16  main.o(.rodata.str1.1)
    .L.str.3                                 0x00002845   Data          16  main.o(.rodata.str1.1)
    .L.str.2                                 0x00002855   Data          16  main.o(.rodata.str1.1)
    .L.str.1                                 0x00002865   Data          16  main.o(.rodata.str1.1)
    .L.str                                   0x00002875   Data           3  lcd.o(.rodata.str1.1)
    [Anonymous Symbol]                       0x00002875   Section        0  lcd.o(.rodata.str1.1)
    .L.str.1                                 0x00002878   Data           5  lcd.o(.rodata.str1.1)
    locale$$data                             0x00002890   Section       28  lc_numeric_c.o(locale$$data)
    __lcnum_c_name                           0x00002894   Data           2  lc_numeric_c.o(locale$$data)
    __lcnum_c_start                          0x0000289c   Data           0  lc_numeric_c.o(locale$$data)
    __lcnum_c_point                          0x000028a8   Data           0  lc_numeric_c.o(locale$$data)
    __lcnum_c_thousands                      0x000028aa   Data           0  lc_numeric_c.o(locale$$data)
    __lcnum_c_grouping                       0x000028ab   Data           0  lc_numeric_c.o(locale$$data)
    __lcnum_c_end                            0x000028ac   Data           0  lc_numeric_c.o(locale$$data)
    locale$$data                             0x000028ac   Section      272  lc_ctype_c.o(locale$$data)
    __lcctype_c_name                         0x000028b0   Data           2  lc_ctype_c.o(locale$$data)
    __lcctype_c_start                        0x000028b8   Data           0  lc_ctype_c.o(locale$$data)
    __lcctype_c_end                          0x000029bc   Data           0  lc_ctype_c.o(locale$$data)
    .bss                                     0x20000000   Section       96  libspace.o(.bss)
    display_control                          0x20000060   Data           1  lcd.o(.bss.display_control)
    [Anonymous Symbol]                       0x20000060   Section        0  lcd.o(.bss.display_control)
    ms_active                                0x20000061   Data           1  systick_delay.o(.bss.ms_active)
    [Anonymous Symbol]                       0x20000061   Section        0  systick_delay.o(.bss.ms_active)
    ms_elapsed                               0x20000064   Data           4  systick_delay.o(.bss.ms_elapsed)
    [Anonymous Symbol]                       0x20000064   Section        0  systick_delay.o(.bss.ms_elapsed)
    us_elapsed                               0x20000068   Data           4  systick_delay.o(.bss.us_elapsed)
    [Anonymous Symbol]                       0x20000068   Section        0  systick_delay.o(.bss.us_elapsed)
    Heap_Mem                                 0x20000070   Data           0  startup_tm4c123.o(HEAP)
    Stack_Mem                                0x20000070   Data         512  startup_tm4c123.o(STACK)
    HEAP                                     0x20000070   Section        0  startup_tm4c123.o(HEAP)
    STACK                                    0x20000070   Section      512  startup_tm4c123.o(STACK)
    __initial_sp                             0x20000270   Data           0  startup_tm4c123.o(STACK)

    Global Symbols

    Symbol Name                              Value     Ov Type        Size  Object(Section)

    BuildAttributes$$THM_ISAv4$E$P$D$K$B$S$7EM$VFPi3$EXTD16$VFPS$VFMA$PE$A:L22UL41UL21$X:L11$S22US41US21$IEEE1$IW$~IW$USESV6$~STKCKD$USESV7$~SHL$OTIME$ROPI$IEEEJ$EBA8$UX$STANDARDLIB$REQ8$PRES8$EABIv2 0x00000000   Number         0  anon$$obj.o ABSOLUTE
    __Vectors                                0x00000000   Data           4  startup_tm4c123.o(RESET)
    _printf_flags                            0x00000000   Number         0  printf_stubs.o ABSOLUTE
    _printf_return_value                     0x00000000   Number         0  printf_stubs.o ABSOLUTE
    _printf_sizespec                         0x00000000   Number         0  printf_stubs.o ABSOLUTE
    _printf_widthprec                        0x00000000   Number         0  printf_stubs.o ABSOLUTE
    __ARM_exceptions_init                     - Undefined Weak Reference
    __alloca_initialize                       - Undefined Weak Reference
    __arm_preinit_                            - Undefined Weak Reference
    __arm_relocate_pie_                       - Undefined Weak Reference
    __cpp_initialize__aeabi_                  - Undefined Weak Reference
    __cxa_finalize                            - Undefined Weak Reference
    __sigvec_lookup                           - Undefined Weak Reference
    _atexit_init                              - Undefined Weak Reference
    _call_atexit_fns                          - Undefined Weak Reference
    _clock_init                               - Undefined Weak Reference
    _fp_trap_init                             - Undefined Weak Reference
    _fp_trap_shutdown                         - Undefined Weak Reference
    _get_lc_collate                           - Undefined Weak Reference
    _get_lc_monetary                          - Undefined Weak Reference
    _get_lc_time                              - Undefined Weak Reference
    _getenv_init                              - Undefined Weak Reference
    _handle_redirection                       - Undefined Weak Reference
    _init_alloc                               - Undefined Weak Reference
    _init_user_alloc                          - Undefined Weak Reference
    _initio                                   - Undefined Weak Reference
    _printf_mbtowc                            - Undefined Weak Reference
    _printf_wc                                - Undefined Weak Reference
    _rand_init                                - Undefined Weak Reference
    _signal_finish                            - Undefined Weak Reference
    _signal_init                              - Undefined Weak Reference
    _terminate_alloc                          - Undefined Weak Reference
    _terminate_user_alloc                     - Undefined Weak Reference
    _terminateio                              - Undefined Weak Reference
    __Vectors_End                            0x0000026c   Data           0  startup_tm4c123.o(RESET)
    __Vectors_Size                           0x0000026c   Number         0  startup_tm4c123.o ABSOLUTE
    __main                                   0x0000026d   Thumb Code     8  __main.o(!!!main)
    __scatterload                            0x00000275   Thumb Code     0  __scatter.o(!!!scatter)
    __scatterload_rt2                        0x00000275   Thumb Code    84  __scatter.o(!!!scatter)
    __scatterload_rt2_thumb_only             0x00000275   Thumb Code     0  __scatter.o(!!!scatter)
    __scatterload_loop                       0x0000027f   Thumb Code     0  __scatter.o(!!!scatter)
    __scatterload_null                       0x000002d1   Thumb Code     2  __scatter.o(!!handler_null)
    __scatterload_zeroinit                   0x000002d5   Thumb Code    28  __scatter_zi.o(!!handler_zi)
    _printf_n                                0x000002f1   Thumb Code     0  _printf_n.o(.ARM.Collect$$_printf_percent$$00000001)
    _printf_percent                          0x000002f1   Thumb Code     0  _printf_percent.o(.ARM.Collect$$_printf_percent$$00000000)
    _printf_p                                0x000002f7   Thumb Code     0  _printf_p.o(.ARM.Collect$$_printf_percent$$00000002)
    _printf_f                                0x000002fd   Thumb Code     0  _printf_f.o(.ARM.Collect$$_printf_percent$$00000003)
    _printf_e                                0x00000303   Thumb Code     0  _printf_e.o(.ARM.Collect$$_printf_percent$$00000004)
    _printf_g                                0x00000309   Thumb Code     0  _printf_g.o(.ARM.Collect$$_printf_percent$$00000005)
    _printf_a                                0x0000030f   Thumb Code     0  _printf_a.o(.ARM.Collect$$_printf_percent$$00000006)
    _printf_ll                               0x00000315   Thumb Code     0  _printf_ll.o(.ARM.Collect$$_printf_percent$$00000007)
    _printf_i                                0x0000031f   Thumb Code     0  _printf_i.o(.ARM.Collect$$_printf_percent$$00000008)
    _printf_d                                0x00000325   Thumb Code     0  _printf_d.o(.ARM.Collect$$_printf_percent$$00000009)
    _printf_u                                0x0000032b   Thumb Code     0  _printf_u.o(.ARM.Collect$$_printf_percent$$0000000A)
    _printf_o                                0x00000331   Thumb Code     0  _printf_o.o(.ARM.Collect$$_printf_percent$$0000000B)
    _printf_x                                0x00000337   Thumb Code     0  _printf_x.o(.ARM.Collect$$_printf_percent$$0000000C)
    _printf_lli                              0x0000033d   Thumb Code     0  _printf_lli.o(.ARM.Collect$$_printf_percent$$0000000D)
    _printf_lld                              0x00000343   Thumb Code     0  _printf_lld.o(.ARM.Collect$$_printf_percent$$0000000E)
    _printf_llu                              0x00000349   Thumb Code     0  _printf_llu.o(.ARM.Collect$$_printf_percent$$0000000F)
    _printf_llo                              0x0000034f   Thumb Code     0  _printf_llo.o(.ARM.Collect$$_printf_percent$$00000010)
    _printf_llx                              0x00000355   Thumb Code     0  _printf_llx.o(.ARM.Collect$$_printf_percent$$00000011)
    _printf_l                                0x0000035b   Thumb Code     0  _printf_l.o(.ARM.Collect$$_printf_percent$$00000012)
    _printf_c                                0x00000365   Thumb Code     0  _printf_c.o(.ARM.Collect$$_printf_percent$$00000013)
    _printf_s                                0x0000036b   Thumb Code     0  _printf_s.o(.ARM.Collect$$_printf_percent$$00000014)
    _printf_lc                               0x00000371   Thumb Code     0  _printf_lc.o(.ARM.Collect$$_printf_percent$$00000015)
    _printf_ls                               0x00000377   Thumb Code     0  _printf_ls.o(.ARM.Collect$$_printf_percent$$00000016)
    _printf_percent_end                      0x0000037d   Thumb Code     0  _printf_percent_end.o(.ARM.Collect$$_printf_percent$$00000017)
    __rt_lib_init                            0x00000381   Thumb Code     0  libinit.o(.ARM.Collect$$libinit$$00000000)
    __rt_lib_init_fp_1                       0x00000383   Thumb Code     0  libinit2.o(.ARM.Collect$$libinit$$00000001)
    __rt_lib_init_heap_1                     0x00000387   Thumb Code     0  libinit2.o(.ARM.Collect$$libinit$$0000000C)
    __rt_lib_init_lc_common                  0x00000387   Thumb Code     0  libinit2.o(.ARM.Collect$$libinit$$00000011)
    __rt_lib_init_preinit_1                  0x00000387   Thumb Code     0  libinit2.o(.ARM.Collect$$libinit$$00000006)
    __rt_lib_init_rand_1                     0x00000387   Thumb Code     0  libinit2.o(.ARM.Collect$$libinit$$00000010)
    __rt_lib_init_relocate_pie_1             0x00000387   Thumb Code     0  libinit2.o(.ARM.Collect$$libinit$$00000004)
    __rt_lib_init_user_alloc_1               0x00000387   Thumb Code     0  libinit2.o(.ARM.Collect$$libinit$$0000000E)
    __rt_lib_init_lc_collate_1               0x0000038d   Thumb Code     0  libinit2.o(.ARM.Collect$$libinit$$00000013)
    __rt_lib_init_lc_ctype_2                 0x0000038d   Thumb Code     0  libinit2.o(.ARM.Collect$$libinit$$00000014)
    __rt_lib_init_lc_ctype_1                 0x00000399   Thumb Code     0  libinit2.o(.ARM.Collect$$libinit$$00000015)
    __rt_lib_init_lc_monetary_1              0x00000399   Thumb Code     0  libinit2.o(.ARM.Collect$$libinit$$00000017)
    __rt_lib_init_lc_numeric_2               0x00000399   Thumb Code     0  libinit2.o(.ARM.Collect$$libinit$$00000018)
    __rt_lib_init_alloca_1                   0x000003a3   Thumb Code     0  libinit2.o(.ARM.Collect$$libinit$$00000030)
    __rt_lib_init_argv_1                     0x000003a3   Thumb Code     0  libinit2.o(.ARM.Collect$$libinit$$0000002E)
    __rt_lib_init_atexit_1                   0x000003a3   Thumb Code     0  libinit2.o(.ARM.Collect$$libinit$$0000001D)
    __rt_lib_init_clock_1                    0x000003a3   Thumb Code     0  libinit2.o(.ARM.Collect$$libinit$$00000023)
    __rt_lib_init_cpp_1                      0x000003a3   Thumb Code     0  libinit2.o(.ARM.Collect$$libinit$$00000034)
    __rt_lib_init_exceptions_1               0x000003a3   Thumb Code     0  libinit2.o(.ARM.Collect$$libinit$$00000032)
    __rt_lib_init_fp_trap_1                  0x000003a3   Thumb Code     0  libinit2.o(.ARM.Collect$$libinit$$00000021)
    __rt_lib_init_getenv_1                   0x000003a3   Thumb Code     0  libinit2.o(.ARM.Collect$$libinit$$00000025)
    __rt_lib_init_lc_numeric_1               0x000003a3   Thumb Code     0  libinit2.o(.ARM.Collect$$libinit$$00000019)
    __rt_lib_init_lc_time_1                  0x000003a3   Thumb Code     0  libinit2.o(.ARM.Collect$$libinit$$0000001B)
    __rt_lib_init_return                     0x000003a3   Thumb Code     0  libinit2.o(.ARM.Collect$$libinit$$00000035)
    __rt_lib_init_signal_1                   0x000003a3   Thumb Code     0  libinit2.o(.ARM.Collect$$libinit$$0000001F)
    __rt_lib_init_stdio_1                    0x000003a3   Thumb Code     0  libinit2.o(.ARM.Collect$$libinit$$00000027)
    __rt_lib_shutdown                        0x000003a5   Thumb Code     0  libshutdown.o(.ARM.Collect$$libshutdown$$00000000)
    __rt_lib_shutdown_cpp_1                  0x000003a7   Thumb Code     0  libshutdown2.o(.ARM.Collect$$libshutdown$$00000002)
    __rt_lib_shutdown_fp_trap_1              0x000003a7   Thumb Code     0  libshutdown2.o(.ARM.Collect$$libshutdown$$00000007)
    __rt_lib_shutdown_heap_1                 0x000003a7   Thumb Code     0  libshutdown2.o(.ARM.Collect$$libshutdown$$0000000F)
    __rt_lib_shutdown_return                 0x000003a7   Thumb Code     0  libshutdown2.o(.ARM.Collect$$libshutdown$$00000010)
    __rt_lib_shutdown_signal_1               0x000003a7   Thumb Code     0  libshutdown2.o(.ARM.Collect$$libshutdown$$0000000A)
    __rt_lib_shutdown_stdio_1                0x000003a7   Thumb Code     0  libshutdown2.o(.ARM.Collect$$libshutdown$$00000004)
    __rt_lib_shutdown_user_alloc_1           0x000003a7   Thumb Code     0  libshutdown2.o(.ARM.Collect$$libshutdown$$0000000C)
    __rt_entry                               0x000003a9   Thumb Code     0  __rtentry.o(.ARM.Collect$$rtentry$$00000000)
    __rt_entry_presh_1                       0x000003a9   Thumb Code     0  __rtentry2.o(.ARM.Collect$$rtentry$$00000002)
    __rt_entry_sh                            0x000003a9   Thumb Code     0  __rtentry4.o(.ARM.Collect$$rtentry$$00000004)
    __rt_entry_li                            0x000003af   Thumb Code     0  __rtentry2.o(.ARM.Collect$$rtentry$$0000000A)
    __rt_entry_postsh_1                      0x000003af   Thumb Code     0  __rtentry2.o(.ARM.Collect$$rtentry$$00000009)
    __rt_entry_main                          0x000003b3   Thumb Code     0  __rtentry2.o(.ARM.Collect$$rtentry$$0000000D)
    __rt_entry_postli_1                      0x000003b3   Thumb Code     0  __rtentry2.o(.ARM.Collect$$rtentry$$0000000C)
    __rt_exit                                0x000003bb   Thumb Code     0  rtexit.o(.ARM.Collect$$rtexit$$00000000)
    __rt_exit_ls                             0x000003bd   Thumb Code     0  rtexit2.o(.ARM.Collect$$rtexit$$00000003)
    __rt_exit_prels_1                        0x000003bd   Thumb Code     0  rtexit2.o(.ARM.Collect$$rtexit$$00000002)
    __rt_exit_exit                           0x000003c1   Thumb Code     0  rtexit2.o(.ARM.Collect$$rtexit$$00000004)
    Reset_Handler                            0x000003c9   Thumb Code     8  startup_tm4c123.o(.text)
    NMI_Handler                              0x000003d1   Thumb Code     2  startup_tm4c123.o(.text)
    HardFault_Handler                        0x000003d3   Thumb Code     2  startup_tm4c123.o(.text)
    MemManage_Handler                        0x000003d5   Thumb Code     2  startup_tm4c123.o(.text)
    BusFault_Handler                         0x000003d7   Thumb Code     2  startup_tm4c123.o(.text)
    UsageFault_Handler                       0x000003d9   Thumb Code     2  startup_tm4c123.o(.text)
    SVC_Handler                              0x000003db   Thumb Code     2  startup_tm4c123.o(.text)
    DebugMon_Handler                         0x000003dd   Thumb Code     2  startup_tm4c123.o(.text)
    PendSV_Handler                           0x000003df   Thumb Code     2  startup_tm4c123.o(.text)
    GPIOA_Handler                            0x000003e3   Thumb Code     2  startup_tm4c123.o(.text)
    GPIOB_Handler                            0x000003e5   Thumb Code     2  startup_tm4c123.o(.text)
    GPIOC_Handler                            0x000003e7   Thumb Code     2  startup_tm4c123.o(.text)
    GPIOD_Handler                            0x000003e9   Thumb Code     2  startup_tm4c123.o(.text)
    GPIOE_Handler                            0x000003eb   Thumb Code     2  startup_tm4c123.o(.text)
    UART0_Handler                            0x000003ed   Thumb Code     2  startup_tm4c123.o(.text)
    UART1_Handler                            0x000003ef   Thumb Code     2  startup_tm4c123.o(.text)
    SSI0_Handler                             0x000003f1   Thumb Code     2  startup_tm4c123.o(.text)
    I2C0_Handler                             0x000003f3   Thumb Code     2  startup_tm4c123.o(.text)
    PMW0_FAULT_Handler                       0x000003f5   Thumb Code     2  startup_tm4c123.o(.text)
    PWM0_0_Handler                           0x000003f7   Thumb Code     2  startup_tm4c123.o(.text)
    PWM0_1_Handler                           0x000003f9   Thumb Code     2  startup_tm4c123.o(.text)
    PWM0_2_Handler                           0x000003fb   Thumb Code     2  startup_tm4c123.o(.text)
    QEI0_Handler                             0x000003fd   Thumb Code     2  startup_tm4c123.o(.text)
    ADC0SS0_Handler                          0x000003ff   Thumb Code     2  startup_tm4c123.o(.text)
    ADC0SS1_Handler                          0x00000401   Thumb Code     2  startup_tm4c123.o(.text)
    ADC0SS2_Handler                          0x00000403   Thumb Code     2  startup_tm4c123.o(.text)
    ADC0SS3_Handler                          0x00000405   Thumb Code     2  startup_tm4c123.o(.text)
    WDT0_Handler                             0x00000407   Thumb Code     2  startup_tm4c123.o(.text)
    TIMER0A_Handler                          0x00000409   Thumb Code     2  startup_tm4c123.o(.text)
    TIMER0B_Handler                          0x0000040b   Thumb Code     2  startup_tm4c123.o(.text)
    TIMER1A_Handler                          0x0000040d   Thumb Code     2  startup_tm4c123.o(.text)
    TIMER1B_Handler                          0x0000040f   Thumb Code     2  startup_tm4c123.o(.text)
    TIMER2A_Handler                          0x00000411   Thumb Code     2  startup_tm4c123.o(.text)
    TIMER2B_Handler                          0x00000413   Thumb Code     2  startup_tm4c123.o(.text)
    COMP0_Handler                            0x00000415   Thumb Code     2  startup_tm4c123.o(.text)
    COMP1_Handler                            0x00000417   Thumb Code     2  startup_tm4c123.o(.text)
    COMP2_Handler                            0x00000419   Thumb Code     2  startup_tm4c123.o(.text)
    SYSCTL_Handler                           0x0000041b   Thumb Code     2  startup_tm4c123.o(.text)
    FLASH_Handler                            0x0000041d   Thumb Code     2  startup_tm4c123.o(.text)
    GPIOF_Handler                            0x0000041f   Thumb Code     2  startup_tm4c123.o(.text)
    GPIOG_Handler                            0x00000421   Thumb Code     2  startup_tm4c123.o(.text)
    GPIOH_Handler                            0x00000423   Thumb Code     2  startup_tm4c123.o(.text)
    UART2_Handler                            0x00000425   Thumb Code     2  startup_tm4c123.o(.text)
    SSI1_Handler                             0x00000427   Thumb Code     2  startup_tm4c123.o(.text)
    TIMER3A_Handler                          0x00000429   Thumb Code     2  startup_tm4c123.o(.text)
    TIMER3B_Handler                          0x0000042b   Thumb Code     2  startup_tm4c123.o(.text)
    I2C1_Handler                             0x0000042d   Thumb Code     2  startup_tm4c123.o(.text)
    QEI1_Handler                             0x0000042f   Thumb Code     2  startup_tm4c123.o(.text)
    CAN0_Handler                             0x00000431   Thumb Code     2  startup_tm4c123.o(.text)
    CAN1_Handler                             0x00000433   Thumb Code     2  startup_tm4c123.o(.text)
    CAN2_Handler                             0x00000435   Thumb Code     2  startup_tm4c123.o(.text)
    HIB_Handler                              0x00000437   Thumb Code     2  startup_tm4c123.o(.text)
    USB0_Handler                             0x00000439   Thumb Code     2  startup_tm4c123.o(.text)
    PWM0_3_Handler                           0x0000043b   Thumb Code     2  startup_tm4c123.o(.text)
    UDMA_Handler                             0x0000043d   Thumb Code     2  startup_tm4c123.o(.text)
    UDMAERR_Handler                          0x0000043f   Thumb Code     2  startup_tm4c123.o(.text)
    ADC1SS0_Handler                          0x00000441   Thumb Code     2  startup_tm4c123.o(.text)
    ADC1SS1_Handler                          0x00000443   Thumb Code     2  startup_tm4c123.o(.text)
    ADC1SS2_Handler                          0x00000445   Thumb Code     2  startup_tm4c123.o(.text)
    ADC1SS3_Handler                          0x00000447   Thumb Code     2  startup_tm4c123.o(.text)
    GPIOJ_Handler                            0x00000449   Thumb Code     2  startup_tm4c123.o(.text)
    GPIOK_Handler                            0x0000044b   Thumb Code     2  startup_tm4c123.o(.text)
    GPIOL_Handler                            0x0000044d   Thumb Code     2  startup_tm4c123.o(.text)
    SSI2_Handler                             0x0000044f   Thumb Code     2  startup_tm4c123.o(.text)
    SSI3_Handler                             0x00000451   Thumb Code     2  startup_tm4c123.o(.text)
    UART3_Handler                            0x00000453   Thumb Code     2  startup_tm4c123.o(.text)
    UART4_Handler                            0x00000455   Thumb Code     2  startup_tm4c123.o(.text)
    UART5_Handler                            0x00000457   Thumb Code     2  startup_tm4c123.o(.text)
    UART6_Handler                            0x00000459   Thumb Code     2  startup_tm4c123.o(.text)
    UART7_Handler                            0x0000045b   Thumb Code     2  startup_tm4c123.o(.text)
    I2C2_Handler                             0x0000045d   Thumb Code     2  startup_tm4c123.o(.text)
    I2C3_Handler                             0x0000045f   Thumb Code     2  startup_tm4c123.o(.text)
    TIMER4A_Handler                          0x00000461   Thumb Code     2  startup_tm4c123.o(.text)
    TIMER4B_Handler                          0x00000463   Thumb Code     2  startup_tm4c123.o(.text)
    TIMER5A_Handler                          0x00000465   Thumb Code     2  startup_tm4c123.o(.text)
    TIMER5B_Handler                          0x00000467   Thumb Code     2  startup_tm4c123.o(.text)
    WTIMER0A_Handler                         0x00000469   Thumb Code     2  startup_tm4c123.o(.text)
    WTIMER0B_Handler                         0x0000046b   Thumb Code     2  startup_tm4c123.o(.text)
    WTIMER1A_Handler                         0x0000046d   Thumb Code     2  startup_tm4c123.o(.text)
    WTIMER1B_Handler                         0x0000046f   Thumb Code     2  startup_tm4c123.o(.text)
    WTIMER2A_Handler                         0x00000471   Thumb Code     2  startup_tm4c123.o(.text)
    WTIMER2B_Handler                         0x00000473   Thumb Code     2  startup_tm4c123.o(.text)
    WTIMER3A_Handler                         0x00000475   Thumb Code     2  startup_tm4c123.o(.text)
    WTIMER3B_Handler                         0x00000477   Thumb Code     2  startup_tm4c123.o(.text)
    WTIMER4A_Handler                         0x00000479   Thumb Code     2  startup_tm4c123.o(.text)
    WTIMER4B_Handler                         0x0000047b   Thumb Code     2  startup_tm4c123.o(.text)
    WTIMER5A_Handler                         0x0000047d   Thumb Code     2  startup_tm4c123.o(.text)
    WTIMER5B_Handler                         0x0000047f   Thumb Code     2  startup_tm4c123.o(.text)
    FPU_Handler                              0x00000481   Thumb Code     2  startup_tm4c123.o(.text)
    I2C4_Handler                             0x00000483   Thumb Code     2  startup_tm4c123.o(.text)
    I2C5_Handler                             0x00000485   Thumb Code     2  startup_tm4c123.o(.text)
    GPIOM_Handler                            0x00000487   Thumb Code     2  startup_tm4c123.o(.text)
    GPION_Handler                            0x00000489   Thumb Code     2  startup_tm4c123.o(.text)
    QEI2_Handler                             0x0000048b   Thumb Code     2  startup_tm4c123.o(.text)
    GPIOP0_Handler                           0x0000048d   Thumb Code     2  startup_tm4c123.o(.text)
    GPIOP1_Handler                           0x0000048f   Thumb Code     2  startup_tm4c123.o(.text)
    GPIOP2_Handler                           0x00000491   Thumb Code     2  startup_tm4c123.o(.text)
    GPIOP3_Handler                           0x00000493   Thumb Code     2  startup_tm4c123.o(.text)
    GPIOP4_Handler                           0x00000495   Thumb Code     2  startup_tm4c123.o(.text)
    GPIOP5_Handler                           0x00000497   Thumb Code     2  startup_tm4c123.o(.text)
    GPIOP6_Handler                           0x00000499   Thumb Code     2  startup_tm4c123.o(.text)
    GPIOP7_Handler                           0x0000049b   Thumb Code     2  startup_tm4c123.o(.text)
    GPIOQ0_Handler                           0x0000049d   Thumb Code     2  startup_tm4c123.o(.text)
    GPIOQ1_Handler                           0x0000049f   Thumb Code     2  startup_tm4c123.o(.text)
    GPIOQ2_Handler                           0x000004a1   Thumb Code     2  startup_tm4c123.o(.text)
    GPIOQ3_Handler                           0x000004a3   Thumb Code     2  startup_tm4c123.o(.text)
    GPIOQ4_Handler                           0x000004a5   Thumb Code     2  startup_tm4c123.o(.text)
    GPIOQ5_Handler                           0x000004a7   Thumb Code     2  startup_tm4c123.o(.text)
    GPIOQ6_Handler                           0x000004a9   Thumb Code     2  startup_tm4c123.o(.text)
    GPIOQ7_Handler                           0x000004ab   Thumb Code     2  startup_tm4c123.o(.text)
    GPIOR_Handler                            0x000004ad   Thumb Code     2  startup_tm4c123.o(.text)
    GPIOS_Handler                            0x000004af   Thumb Code     2  startup_tm4c123.o(.text)
    PMW1_0_Handler                           0x000004b1   Thumb Code     2  startup_tm4c123.o(.text)
    PWM1_1_Handler                           0x000004b3   Thumb Code     2  startup_tm4c123.o(.text)
    PWM1_2_Handler                           0x000004b5   Thumb Code     2  startup_tm4c123.o(.text)
    PWM1_3_Handler                           0x000004b7   Thumb Code     2  startup_tm4c123.o(.text)
    PWM1_FAULT_Handler                       0x000004b9   Thumb Code     2  startup_tm4c123.o(.text)
    __user_initial_stackheap                 0x000004bd   Thumb Code     0  startup_tm4c123.o(.text)
    sprintf                                  0x000004dd   Thumb Code    38  sprintf.o(.text)
    strlen                                   0x00000509   Thumb Code    62  strlen.o(.text)
    __use_two_region_memory                  0x00000547   Thumb Code     2  heapauxi.o(.text)
    __rt_heap_escrow$2region                 0x00000549   Thumb Code     2  heapauxi.o(.text)
    __rt_heap_expand$2region                 0x0000054b   Thumb Code     2  heapauxi.o(.text)
    _printf_pre_padding                      0x0000054d   Thumb Code    44  _printf_pad.o(.text)
    _printf_post_padding                     0x00000579   Thumb Code    34  _printf_pad.o(.text)
    _printf_truncate_signed                  0x0000059b   Thumb Code    18  _printf_truncate.o(.text)
    _printf_truncate_unsigned                0x000005ad   Thumb Code    18  _printf_truncate.o(.text)
    _printf_str                              0x000005bf   Thumb Code    82  _printf_str.o(.text)
    _printf_int_dec                          0x00000611   Thumb Code   104  _printf_dec.o(.text)
    _printf_charcount                        0x00000689   Thumb Code    40  _printf_charcount.o(.text)
    _printf_char_common                      0x000006bb   Thumb Code    32  _printf_char_common.o(.text)
    _sputc                                   0x000006e1   Thumb Code    10  _sputc.o(.text)
    _printf_wctomb                           0x000006ed   Thumb Code   182  _printf_wctomb.o(.text)
    _printf_longlong_dec                     0x000007a9   Thumb Code   108  _printf_longlong_dec.o(.text)
    _printf_longlong_oct                     0x00000825   Thumb Code    68  _printf_oct_int_ll.o(.text)
    _printf_int_oct                          0x00000869   Thumb Code    24  _printf_oct_int_ll.o(.text)
    _printf_ll_oct                           0x00000881   Thumb Code    12  _printf_oct_int_ll.o(.text)
    _printf_longlong_hex                     0x00000895   Thumb Code    86  _printf_hex_int_ll_ptr.o(.text)
    _printf_int_hex                          0x000008eb   Thumb Code    28  _printf_hex_int_ll_ptr.o(.text)
    _printf_ll_hex                           0x00000907   Thumb Code    12  _printf_hex_int_ll_ptr.o(.text)
    _printf_hex_ptr                          0x00000913   Thumb Code    18  _printf_hex_int_ll_ptr.o(.text)
    __printf                                 0x00000929   Thumb Code   388  __printf_flags_ss_wp.o(.text)
    _ll_udiv10                               0x00000ab1   Thumb Code   138  lludiv10.o(.text)
    _printf_int_common                       0x00000b3b   Thumb Code   178  _printf_intcommon.o(.text)
    _printf_fp_dec_real                      0x00000d9d   Thumb Code   620  _printf_fp_dec.o(.text)
    _printf_fp_hex_real                      0x00001009   Thumb Code   756  _printf_fp_hex.o(.text)
    _printf_cs_common                        0x00001305   Thumb Code    20  _printf_char.o(.text)
    _printf_char                             0x00001319   Thumb Code    16  _printf_char.o(.text)
    _printf_string                           0x00001329   Thumb Code     8  _printf_char.o(.text)
    _printf_lcs_common                       0x00001331   Thumb Code    20  _printf_wchar.o(.text)
    _printf_wchar                            0x00001345   Thumb Code    16  _printf_wchar.o(.text)
    _printf_wstring                          0x00001355   Thumb Code     8  _printf_wchar.o(.text)
    _c16rtomb                                0x0000135d   Thumb Code    72  _c16rtomb.o(.text)
    _wcrtomb                                 0x0000135d   Thumb Code     0  _c16rtomb.o(.text)
    __user_setup_stackheap                   0x000013a5   Thumb Code    74  sys_stackheap_outer.o(.text)
    __rt_ctype_table                         0x000013f1   Thumb Code    16  rt_ctype_table.o(.text)
    __rt_locale                              0x00001401   Thumb Code     8  rt_locale_intlibspace.o(.text)
    _printf_fp_infnan                        0x00001409   Thumb Code   112  _printf_fp_infnan.o(.text)
    _btod_etento                             0x00001489   Thumb Code   224  bigflt0.o(.text)
    exit                                     0x0000156d   Thumb Code    18  exit.o(.text)
    __user_libspace                          0x00001581   Thumb Code     8  libspace.o(.text)
    __user_perproc_libspace                  0x00001581   Thumb Code     0  libspace.o(.text)
    __user_perthread_libspace                0x00001581   Thumb Code     0  libspace.o(.text)
    strcmp                                   0x00001589   Thumb Code   124  strcmpv7em.o(.text)
    _sys_exit                                0x00001605   Thumb Code     8  sys_exit.o(.text)
    __I$use$semihosting                      0x00001611   Thumb Code     0  use_no_semi.o(.text)
    __use_no_semihosting_swi                 0x00001611   Thumb Code     2  use_no_semi.o(.text)
    __semihosting_library_function           0x00001613   Thumb Code     0  indicate_semi.o(.text)
    EduBase_LCD_Clear_Display                0x00001615   Thumb Code    10  lcd.o(.text.EduBase_LCD_Clear_Display)
    EduBase_LCD_Disable_Cursor               0x00001621   Thumb Code    30  lcd.o(.text.EduBase_LCD_Disable_Cursor)
    EduBase_LCD_Disable_Cursor_Blink         0x00001641   Thumb Code    30  lcd.o(.text.EduBase_LCD_Disable_Cursor_Blink)
    EduBase_LCD_Display_Integer              0x00001661   Thumb Code    34  lcd.o(.text.EduBase_LCD_Display_Integer)
    EduBase_LCD_Display_String               0x00001685   Thumb Code    56  lcd.o(.text.EduBase_LCD_Display_String)
    EduBase_LCD_Enable_Display               0x000016bd   Thumb Code    30  lcd.o(.text.EduBase_LCD_Enable_Display)
    EduBase_LCD_Init                         0x000016dd   Thumb Code   104  lcd.o(.text.EduBase_LCD_Init)
    EduBase_LCD_Ports_Init                   0x00001745   Thumb Code   234  lcd.o(.text.EduBase_LCD_Ports_Init)
    EduBase_LCD_Pulse_Enable                 0x00001831   Thumb Code    60  lcd.o(.text.EduBase_LCD_Pulse_Enable)
    EduBase_LCD_Return_Home                  0x0000186d   Thumb Code    10  lcd.o(.text.EduBase_LCD_Return_Home)
    EduBase_LCD_Send_Command                 0x00001879   Thumb Code    70  lcd.o(.text.EduBase_LCD_Send_Command)
    EduBase_LCD_Send_Data                    0x000018c1   Thumb Code    42  lcd.o(.text.EduBase_LCD_Send_Data)
    EduBase_LCD_Set_Cursor                   0x000018ed   Thumb Code    80  lcd.o(.text.EduBase_LCD_Set_Cursor)
    EduBase_LCD_Write_4_Bits                 0x0000193d   Thumb Code   114  lcd.o(.text.EduBase_LCD_Write_4_Bits)
    Pulse_Sensor_Init                        0x000019b1   Thumb Code   184  pulse_sensor.o(.text.Pulse_Sensor_Init)
    Pulse_Sensor_Read                        0x00001a69   Thumb Code    70  pulse_sensor.o(.text.Pulse_Sensor_Read)
    SysTick_Delay1ms                         0x00001ab1   Thumb Code    76  systick_delay.o(.text.SysTick_Delay1ms)
    SysTick_Delay1us                         0x00001afd   Thumb Code    42  systick_delay.o(.text.SysTick_Delay1us)
    SysTick_Delay_Init                       0x00001b29   Thumb Code    42  systick_delay.o(.text.SysTick_Delay_Init)
    SysTick_Handler                          0x00001b55   Thumb Code    70  systick_delay.o(.text.SysTick_Handler)
    SystemInit                               0x00001b9d   Thumb Code   268  system_tm4c123.o(.text.SystemInit)
    main                                     0x00001ca9   Thumb Code   546  main.o(.text.main)
    _btod_d2e                                0x00001ecb   Thumb Code    62  btod.o(CL$$btod_d2e)
    _d2e_denorm_low                          0x00001f09   Thumb Code    70  btod.o(CL$$btod_d2e_denorm_low)
    _d2e_norm_op1                            0x00001f4f   Thumb Code    96  btod.o(CL$$btod_d2e_norm_op1)
    __btod_div_common                        0x00001fb1   Thumb Code   696  btod.o(CL$$btod_div_common)
    _e2e                                     0x000022e9   Thumb Code   220  btod.o(CL$$btod_e2e)
    _btod_ediv                               0x000023c5   Thumb Code    42  btod.o(CL$$btod_ediv)
    _btod_emul                               0x000023ef   Thumb Code    42  btod.o(CL$$btod_emul)
    __btod_mult_common                       0x00002419   Thumb Code   580  btod.o(CL$$btod_mult_common)
    __ARM_fpclassify                         0x0000265d   Thumb Code    48  fpclassify.o(i.__ARM_fpclassify)
    _is_digit                                0x0000268d   Thumb Code    14  __printf_wp.o(i._is_digit)
    _get_lc_numeric                          0x0000269d   Thumb Code    44  lc_numeric_c.o(locale$$code)
    _get_lc_ctype                            0x000026c9   Thumb Code    44  lc_ctype_c.o(locale$$code)
    _fp_init                                 0x000026f5   Thumb Code    26  fpinit.o(x$fpl$fpinit)
    __fplib_config_fpu_vfp                   0x0000270d   Thumb Code     0  fpinit.o(x$fpl$fpinit)
    __fplib_config_pureend_doubles           0x0000270d   Thumb Code     0  fpinit.o(x$fpl$fpinit)
    _printf_fp_dec                           0x0000270f   Thumb Code     4  printf1.o(x$fpl$printf1)
    _printf_fp_hex                           0x00002713   Thumb Code     4  printf2.o(x$fpl$printf2)
    __I$use$fp                               0x00002716   Number         0  usenofp.o(x$fpl$usenofp)
    Region$$Table$$Base                      0x00002880   Number         0  anon$$obj.o(Region$$Table)
    Region$$Table$$Limit                     0x00002890   Number         0  anon$$obj.o(Region$$Table)
    __ctype                                  0x000028b9   Data           0  lc_ctype_c.o(locale$$data)
    __libspace_start                         0x20000000   Data          96  libspace.o(.bss)
    __temporary_stack_top$libspace           0x20000060   Data           0  libspace.o(.bss)



==============================================================================

Memory Map of the image

  Image Entry point : 0x000003c9

  Load Region LR_1 (Base: 0x00000000, Size: 0x000029bc, Max: 0xffffffff, ABSOLUTE)

    Execution Region ER_RO (Exec base: 0x00000000, Load base: 0x00000000, Size: 0x000029bc, Max: 0xffffffff, ABSOLUTE)

    Exec Addr    Load Addr    Size         Type   Attr      Idx    E Section Name        Object

    0x00000000   0x00000000   0x0000026c   Data   RO          100    RESET               startup_tm4c123.o
    0x0000026c   0x0000026c   0x00000008   Code   RO          129  * !!!main             c_w.l(__main.o)
    0x00000274   0x00000274   0x0000005c   Code   RO          466    !!!scatter          c_w.l(__scatter.o)
    0x000002d0   0x000002d0   0x00000002   Code   RO          467    !!handler_null      c_w.l(__scatter.o)
    0x000002d2   0x000002d2   0x00000002   PAD
    0x000002d4   0x000002d4   0x0000001c   Code   RO          470    !!handler_zi        c_w.l(__scatter_zi.o)
    0x000002f0   0x000002f0   0x00000000   Code   RO          213    .ARM.Collect$$_printf_percent$$00000000  c_w.l(_printf_percent.o)
    0x000002f0   0x000002f0   0x00000006   Code   RO          202    .ARM.Collect$$_printf_percent$$00000001  c_w.l(_printf_n.o)
    0x000002f6   0x000002f6   0x00000006   Code   RO          204    .ARM.Collect$$_printf_percent$$00000002  c_w.l(_printf_p.o)
    0x000002fc   0x000002fc   0x00000006   Code   RO          209    .ARM.Collect$$_printf_percent$$00000003  c_w.l(_printf_f.o)
    0x00000302   0x00000302   0x00000006   Code   RO          210    .ARM.Collect$$_printf_percent$$00000004  c_w.l(_printf_e.o)
    0x00000308   0x00000308   0x00000006   Code   RO          211    .ARM.Collect$$_printf_percent$$00000005  c_w.l(_printf_g.o)
    0x0000030e   0x0000030e   0x00000006   Code   RO          212    .ARM.Collect$$_printf_percent$$00000006  c_w.l(_printf_a.o)
    0x00000314   0x00000314   0x0000000a   Code   RO          217    .ARM.Collect$$_printf_percent$$00000007  c_w.l(_printf_ll.o)
    0x0000031e   0x0000031e   0x00000006   Code   RO          206    .ARM.Collect$$_printf_percent$$00000008  c_w.l(_printf_i.o)
    0x00000324   0x00000324   0x00000006   Code   RO          207    .ARM.Collect$$_printf_percent$$00000009  c_w.l(_printf_d.o)
    0x0000032a   0x0000032a   0x00000006   Code   RO          208    .ARM.Collect$$_printf_percent$$0000000A  c_w.l(_printf_u.o)
    0x00000330   0x00000330   0x00000006   Code   RO          205    .ARM.Collect$$_printf_percent$$0000000B  c_w.l(_printf_o.o)
    0x00000336   0x00000336   0x00000006   Code   RO          203    .ARM.Collect$$_printf_percent$$0000000C  c_w.l(_printf_x.o)
    0x0000033c   0x0000033c   0x00000006   Code   RO          214    .ARM.Collect$$_printf_percent$$0000000D  c_w.l(_printf_lli.o)
    0x00000342   0x00000342   0x00000006   Code   RO          215    .ARM.Collect$$_printf_percent$$0000000E  c_w.l(_printf_lld.o)
    0x00000348   0x00000348   0x00000006   Code   RO          216    .ARM.Collect$$_printf_percent$$0000000F  c_w.l(_printf_llu.o)
    0x0000034e   0x0000034e   0x00000006   Code   RO          221    .ARM.Collect$$_printf_percent$$00000010  c_w.l(_printf_llo.o)
    0x00000354   0x00000354   0x00000006   Code   RO          222    .ARM.Collect$$_printf_percent$$00000011  c_w.l(_printf_llx.o)
    0x0000035a   0x0000035a   0x0000000a   Code   RO          218    .ARM.Collect$$_printf_percent$$00000012  c_w.l(_printf_l.o)
    0x00000364   0x00000364   0x00000006   Code   RO          200    .ARM.Collect$$_printf_percent$$00000013  c_w.l(_printf_c.o)
    0x0000036a   0x0000036a   0x00000006   Code   RO          201    .ARM.Collect$$_printf_percent$$00000014  c_w.l(_printf_s.o)
    0x00000370   0x00000370   0x00000006   Code   RO          219    .ARM.Collect$$_printf_percent$$00000015  c_w.l(_printf_lc.o)
    0x00000376   0x00000376   0x00000006   Code   RO          220    .ARM.Collect$$_printf_percent$$00000016  c_w.l(_printf_ls.o)
    0x0000037c   0x0000037c   0x00000004   Code   RO          263    .ARM.Collect$$_printf_percent$$00000017  c_w.l(_printf_percent_end.o)
    0x00000380   0x00000380   0x00000002   Code   RO          314    .ARM.Collect$$libinit$$00000000  c_w.l(libinit.o)
    0x00000382   0x00000382   0x00000004   Code   RO          332    .ARM.Collect$$libinit$$00000001  c_w.l(libinit2.o)
    0x00000386   0x00000386   0x00000000   Code   RO          335    .ARM.Collect$$libinit$$00000004  c_w.l(libinit2.o)
    0x00000386   0x00000386   0x00000000   Code   RO          337    .ARM.Collect$$libinit$$00000006  c_w.l(libinit2.o)
    0x00000386   0x00000386   0x00000000   Code   RO          340    .ARM.Collect$$libinit$$0000000C  c_w.l(libinit2.o)
    0x00000386   0x00000386   0x00000000   Code   RO          342    .ARM.Collect$$libinit$$0000000E  c_w.l(libinit2.o)
    0x00000386   0x00000386   0x00000000   Code   RO          344    .ARM.Collect$$libinit$$00000010  c_w.l(libinit2.o)
    0x00000386   0x00000386   0x00000006   Code   RO          345    .ARM.Collect$$libinit$$00000011  c_w.l(libinit2.o)
    0x0000038c   0x0000038c   0x00000000   Code   RO          347    .ARM.Collect$$libinit$$00000013  c_w.l(libinit2.o)
    0x0000038c   0x0000038c   0x0000000c   Code   RO          348    .ARM.Collect$$libinit$$00000014  c_w.l(libinit2.o)
    0x00000398   0x00000398   0x00000000   Code   RO          349    .ARM.Collect$$libinit$$00000015  c_w.l(libinit2.o)
    0x00000398   0x00000398   0x00000000   Code   RO          351    .ARM.Collect$$libinit$$00000017  c_w.l(libinit2.o)
    0x00000398   0x00000398   0x0000000a   Code   RO          352    .ARM.Collect$$libinit$$00000018  c_w.l(libinit2.o)
    0x000003a2   0x000003a2   0x00000000   Code   RO          353    .ARM.Collect$$libinit$$00000019  c_w.l(libinit2.o)
    0x000003a2   0x000003a2   0x00000000   Code   RO          355    .ARM.Collect$$libinit$$0000001B  c_w.l(libinit2.o)
    0x000003a2   0x000003a2   0x00000000   Code   RO          357    .ARM.Collect$$libinit$$0000001D  c_w.l(libinit2.o)
    0x000003a2   0x000003a2   0x00000000   Code   RO          359    .ARM.Collect$$libinit$$0000001F  c_w.l(libinit2.o)
    0x000003a2   0x000003a2   0x00000000   Code   RO          361    .ARM.Collect$$libinit$$00000021  c_w.l(libinit2.o)
    0x000003a2   0x000003a2   0x00000000   Code   RO          363    .ARM.Collect$$libinit$$00000023  c_w.l(libinit2.o)
    0x000003a2   0x000003a2   0x00000000   Code   RO          365    .ARM.Collect$$libinit$$00000025  c_w.l(libinit2.o)
    0x000003a2   0x000003a2   0x00000000   Code   RO          367    .ARM.Collect$$libinit$$00000027  c_w.l(libinit2.o)
    0x000003a2   0x000003a2   0x00000000   Code   RO          371    .ARM.Collect$$libinit$$0000002E  c_w.l(libinit2.o)
    0x000003a2   0x000003a2   0x00000000   Code   RO          373    .ARM.Collect$$libinit$$00000030  c_w.l(libinit2.o)
    0x000003a2   0x000003a2   0x00000000   Code   RO          375    .ARM.Collect$$libinit$$00000032  c_w.l(libinit2.o)
    0x000003a2   0x000003a2   0x00000000   Code   RO          377    .ARM.Collect$$libinit$$00000034  c_w.l(libinit2.o)
    0x000003a2   0x000003a2   0x00000002   Code   RO          378    .ARM.Collect$$libinit$$00000035  c_w.l(libinit2.o)
    0x000003a4   0x000003a4   0x00000002   Code   RO          402    .ARM.Collect$$libshutdown$$00000000  c_w.l(libshutdown.o)
    0x000003a6   0x000003a6   0x00000000   Code   RO          417    .ARM.Collect$$libshutdown$$00000002  c_w.l(libshutdown2.o)
    0x000003a6   0x000003a6   0x00000000   Code   RO          419    .ARM.Collect$$libshutdown$$00000004  c_w.l(libshutdown2.o)
    0x000003a6   0x000003a6   0x00000000   Code   RO          422    .ARM.Collect$$libshutdown$$00000007  c_w.l(libshutdown2.o)
    0x000003a6   0x000003a6   0x00000000   Code   RO          425    .ARM.Collect$$libshutdown$$0000000A  c_w.l(libshutdown2.o)
    0x000003a6   0x000003a6   0x00000000   Code   RO          427    .ARM.Collect$$libshutdown$$0000000C  c_w.l(libshutdown2.o)
    0x000003a6   0x000003a6   0x00000000   Code   RO          430    .ARM.Collect$$libshutdown$$0000000F  c_w.l(libshutdown2.o)
    0x000003a6   0x000003a6   0x00000002   Code   RO          431    .ARM.Collect$$libshutdown$$00000010  c_w.l(libshutdown2.o)
    0x000003a8   0x000003a8   0x00000000   Code   RO          131    .ARM.Collect$$rtentry$$00000000  c_w.l(__rtentry.o)
    0x000003a8   0x000003a8   0x00000000   Code   RO          232    .ARM.Collect$$rtentry$$00000002  c_w.l(__rtentry2.o)
    0x000003a8   0x000003a8   0x00000006   Code   RO          244    .ARM.Collect$$rtentry$$00000004  c_w.l(__rtentry4.o)
    0x000003ae   0x000003ae   0x00000000   Code   RO          234    .ARM.Collect$$rtentry$$00000009  c_w.l(__rtentry2.o)
    0x000003ae   0x000003ae   0x00000004   Code   RO          235    .ARM.Collect$$rtentry$$0000000A  c_w.l(__rtentry2.o)
    0x000003b2   0x000003b2   0x00000000   Code   RO          237    .ARM.Collect$$rtentry$$0000000C  c_w.l(__rtentry2.o)
    0x000003b2   0x000003b2   0x00000008   Code   RO          238    .ARM.Collect$$rtentry$$0000000D  c_w.l(__rtentry2.o)
    0x000003ba   0x000003ba   0x00000002   Code   RO          323    .ARM.Collect$$rtexit$$00000000  c_w.l(rtexit.o)
    0x000003bc   0x000003bc   0x00000000   Code   RO          380    .ARM.Collect$$rtexit$$00000002  c_w.l(rtexit2.o)
    0x000003bc   0x000003bc   0x00000004   Code   RO          381    .ARM.Collect$$rtexit$$00000003  c_w.l(rtexit2.o)
    0x000003c0   0x000003c0   0x00000006   Code   RO          382    .ARM.Collect$$rtexit$$00000004  c_w.l(rtexit2.o)
    0x000003c6   0x000003c6   0x00000002   PAD
    0x000003c8   0x000003c8   0x00000114   Code   RO          101  * .text               startup_tm4c123.o
    0x000004dc   0x000004dc   0x0000002c   Code   RO          123    .text               c_w.l(sprintf.o)
    0x00000508   0x00000508   0x0000003e   Code   RO          125    .text               c_w.l(strlen.o)
    0x00000546   0x00000546   0x00000006   Code   RO          127    .text               c_w.l(heapauxi.o)
    0x0000054c   0x0000054c   0x0000004e   Code   RO          134    .text               c_w.l(_printf_pad.o)
    0x0000059a   0x0000059a   0x00000024   Code   RO          136    .text               c_w.l(_printf_truncate.o)
    0x000005be   0x000005be   0x00000052   Code   RO          138    .text               c_w.l(_printf_str.o)
    0x00000610   0x00000610   0x00000078   Code   RO          140    .text               c_w.l(_printf_dec.o)
    0x00000688   0x00000688   0x00000028   Code   RO          142    .text               c_w.l(_printf_charcount.o)
    0x000006b0   0x000006b0   0x00000030   Code   RO          144    .text               c_w.l(_printf_char_common.o)
    0x000006e0   0x000006e0   0x0000000a   Code   RO          146    .text               c_w.l(_sputc.o)
    0x000006ea   0x000006ea   0x00000002   PAD
    0x000006ec   0x000006ec   0x000000bc   Code   RO          148    .text               c_w.l(_printf_wctomb.o)
    0x000007a8   0x000007a8   0x0000007c   Code   RO          151    .text               c_w.l(_printf_longlong_dec.o)
    0x00000824   0x00000824   0x00000070   Code   RO          157    .text               c_w.l(_printf_oct_int_ll.o)
    0x00000894   0x00000894   0x00000094   Code   RO          177    .text               c_w.l(_printf_hex_int_ll_ptr.o)
    0x00000928   0x00000928   0x00000188   Code   RO          197    .text               c_w.l(__printf_flags_ss_wp.o)
    0x00000ab0   0x00000ab0   0x0000008a   Code   RO          246    .text               c_w.l(lludiv10.o)
    0x00000b3a   0x00000b3a   0x000000b2   Code   RO          248    .text               c_w.l(_printf_intcommon.o)
    0x00000bec   0x00000bec   0x0000041c   Code   RO          250    .text               c_w.l(_printf_fp_dec.o)
    0x00001008   0x00001008   0x000002fc   Code   RO          254    .text               c_w.l(_printf_fp_hex.o)
    0x00001304   0x00001304   0x0000002c   Code   RO          259    .text               c_w.l(_printf_char.o)
    0x00001330   0x00001330   0x0000002c   Code   RO          261    .text               c_w.l(_printf_wchar.o)
    0x0000135c   0x0000135c   0x00000048   Code   RO          264    .text               c_w.l(_c16rtomb.o)
    0x000013a4   0x000013a4   0x0000004a   Code   RO          266    .text               c_w.l(sys_stackheap_outer.o)
    0x000013ee   0x000013ee   0x00000002   PAD
    0x000013f0   0x000013f0   0x00000010   Code   RO          268    .text               c_w.l(rt_ctype_table.o)
    0x00001400   0x00001400   0x00000008   Code   RO          273    .text               c_w.l(rt_locale_intlibspace.o)
    0x00001408   0x00001408   0x00000080   Code   RO          275    .text               c_w.l(_printf_fp_infnan.o)
    0x00001488   0x00001488   0x000000e4   Code   RO          277    .text               c_w.l(bigflt0.o)
    0x0000156c   0x0000156c   0x00000012   Code   RO          307    .text               c_w.l(exit.o)
    0x0000157e   0x0000157e   0x00000002   PAD
    0x00001580   0x00001580   0x00000008   Code   RO          320    .text               c_w.l(libspace.o)
    0x00001588   0x00001588   0x0000007c   Code   RO          330    .text               c_w.l(strcmpv7em.o)
    0x00001604   0x00001604   0x0000000c   Code   RO          392    .text               c_w.l(sys_exit.o)
    0x00001610   0x00001610   0x00000002   Code   RO          407    .text               c_w.l(use_no_semi.o)
    0x00001612   0x00001612   0x00000000   Code   RO          409    .text               c_w.l(indicate_semi.o)
    0x00001612   0x00001612   0x00000002   PAD
    0x00001614   0x00001614   0x0000000a   Code   RO           39    .text.EduBase_LCD_Clear_Display  lcd.o
    0x0000161e   0x0000161e   0x00000002   PAD
    0x00001620   0x00001620   0x0000001e   Code   RO           43    .text.EduBase_LCD_Disable_Cursor  lcd.o
    0x0000163e   0x0000163e   0x00000002   PAD
    0x00001640   0x00001640   0x0000001e   Code   RO           41    .text.EduBase_LCD_Disable_Cursor_Blink  lcd.o
    0x0000165e   0x0000165e   0x00000002   PAD
    0x00001660   0x00001660   0x00000022   Code   RO           65    .text.EduBase_LCD_Display_Integer  lcd.o
    0x00001682   0x00001682   0x00000002   PAD
    0x00001684   0x00001684   0x00000038   Code   RO           63    .text.EduBase_LCD_Display_String  lcd.o
    0x000016bc   0x000016bc   0x0000001e   Code   RO           35    .text.EduBase_LCD_Enable_Display  lcd.o
    0x000016da   0x000016da   0x00000002   PAD
    0x000016dc   0x000016dc   0x00000068   Code   RO           33    .text.EduBase_LCD_Init  lcd.o
    0x00001744   0x00001744   0x000000ea   Code   RO           23    .text.EduBase_LCD_Ports_Init  lcd.o
    0x0000182e   0x0000182e   0x00000002   PAD
    0x00001830   0x00001830   0x0000003c   Code   RO           25    .text.EduBase_LCD_Pulse_Enable  lcd.o
    0x0000186c   0x0000186c   0x0000000a   Code   RO           37    .text.EduBase_LCD_Return_Home  lcd.o
    0x00001876   0x00001876   0x00000002   PAD
    0x00001878   0x00001878   0x00000046   Code   RO           29    .text.EduBase_LCD_Send_Command  lcd.o
    0x000018be   0x000018be   0x00000002   PAD
    0x000018c0   0x000018c0   0x0000002a   Code   RO           31    .text.EduBase_LCD_Send_Data  lcd.o
    0x000018ea   0x000018ea   0x00000002   PAD
    0x000018ec   0x000018ec   0x00000050   Code   RO           45    .text.EduBase_LCD_Set_Cursor  lcd.o
    0x0000193c   0x0000193c   0x00000072   Code   RO           27    .text.EduBase_LCD_Write_4_Bits  lcd.o
    0x000019ae   0x000019ae   0x00000002   PAD
    0x000019b0   0x000019b0   0x000000b8   Code   RO           12    .text.Pulse_Sensor_Init  pulse_sensor.o
    0x00001a68   0x00001a68   0x00000046   Code   RO           14    .text.Pulse_Sensor_Read  pulse_sensor.o
    0x00001aae   0x00001aae   0x00000002   PAD
    0x00001ab0   0x00001ab0   0x0000004c   Code   RO           85    .text.SysTick_Delay1ms  systick_delay.o
    0x00001afc   0x00001afc   0x0000002a   Code   RO           83    .text.SysTick_Delay1us  systick_delay.o
    0x00001b26   0x00001b26   0x00000002   PAD
    0x00001b28   0x00001b28   0x0000002a   Code   RO           81    .text.SysTick_Delay_Init  systick_delay.o
    0x00001b52   0x00001b52   0x00000002   PAD
    0x00001b54   0x00001b54   0x00000046   Code   RO           87    .text.SysTick_Handler  systick_delay.o
    0x00001b9a   0x00001b9a   0x00000002   PAD
    0x00001b9c   0x00001b9c   0x0000010c   Code   RO          112    .text.SystemInit    system_tm4c123.o
    0x00001ca8   0x00001ca8   0x00000222   Code   RO            2    .text.main          main.o
    0x00001eca   0x00001eca   0x0000003e   Code   RO          280    CL$$btod_d2e        c_w.l(btod.o)
    0x00001f08   0x00001f08   0x00000046   Code   RO          282    CL$$btod_d2e_denorm_low  c_w.l(btod.o)
    0x00001f4e   0x00001f4e   0x00000060   Code   RO          281    CL$$btod_d2e_norm_op1  c_w.l(btod.o)
    0x00001fae   0x00001fae   0x00000002   PAD
    0x00001fb0   0x00001fb0   0x00000338   Code   RO          290    CL$$btod_div_common  c_w.l(btod.o)
    0x000022e8   0x000022e8   0x000000dc   Code   RO          287    CL$$btod_e2e        c_w.l(btod.o)
    0x000023c4   0x000023c4   0x0000002a   Code   RO          284    CL$$btod_ediv       c_w.l(btod.o)
    0x000023ee   0x000023ee   0x0000002a   Code   RO          283    CL$$btod_emul       c_w.l(btod.o)
    0x00002418   0x00002418   0x00000244   Code   RO          289    CL$$btod_mult_common  c_w.l(btod.o)
    0x0000265c   0x0000265c   0x00000030   Code   RO          318    i.__ARM_fpclassify  m_wm.l(fpclassify.o)
    0x0000268c   0x0000268c   0x0000000e   Code   RO          190    i._is_digit         c_w.l(__printf_wp.o)
    0x0000269a   0x0000269a   0x00000002   PAD
    0x0000269c   0x0000269c   0x0000002c   Code   RO          305    locale$$code        c_w.l(lc_numeric_c.o)
    0x000026c8   0x000026c8   0x0000002c   Code   RO          328    locale$$code        c_w.l(lc_ctype_c.o)
    0x000026f4   0x000026f4   0x0000001a   Code   RO          390    x$fpl$fpinit        fz_wm.l(fpinit.o)
    0x0000270e   0x0000270e   0x00000004   Code   RO          223    x$fpl$printf1       fz_wm.l(printf1.o)
    0x00002712   0x00002712   0x00000004   Code   RO          225    x$fpl$printf2       fz_wm.l(printf2.o)
    0x00002716   0x00002716   0x00000000   Code   RO          317    x$fpl$usenofp       fz_wm.l(usenofp.o)
    0x00002716   0x00002716   0x00000002   PAD
    0x00002718   0x00002718   0x00000008   Data   RO          149    .constdata          c_w.l(_printf_wctomb.o)
    0x00002720   0x00002720   0x00000028   Data   RO          178    .constdata          c_w.l(_printf_hex_int_ll_ptr.o)
    0x00002748   0x00002748   0x00000011   Data   RO          198    .constdata          c_w.l(__printf_flags_ss_wp.o)
    0x00002759   0x00002759   0x00000026   Data   RO          255    .constdata          c_w.l(_printf_fp_hex.o)
    0x0000277f   0x0000277f   0x00000001   PAD
    0x00002780   0x00002780   0x00000094   Data   RO          278    .constdata          c_w.l(bigflt0.o)
    0x00002814   0x00002814   0x00000061   Data   RO            4    .rodata.str1.1      main.o
    0x00002875   0x00002875   0x00000008   Data   RO           73    .rodata.str1.1      lcd.o
    0x0000287d   0x0000287d   0x00000003   PAD
    0x00002880   0x00002880   0x00000010   Data   RO          465    Region$$Table       anon$$obj.o
    0x00002890   0x00002890   0x0000001c   Data   RO          304    locale$$data        c_w.l(lc_numeric_c.o)
    0x000028ac   0x000028ac   0x00000110   Data   RO          327    locale$$data        c_w.l(lc_ctype_c.o)


    Execution Region ER_RW (Exec base: 0x20000000, Load base: 0x000029bc, Size: 0x00000000, Max: 0xffffffff, ABSOLUTE)

    **** No section assigned to this execution region ****


    Execution Region ER_ZI (Exec base: 0x20000000, Load base: 0x000029bc, Size: 0x00000270, Max: 0xffffffff, ABSOLUTE)

    Exec Addr    Load Addr    Size         Type   Attr      Idx    E Section Name        Object

    0x20000000        -       0x00000060   Zero   RW          321    .bss                c_w.l(libspace.o)
    0x20000060        -       0x00000001   Zero   RW           71    .bss.display_control  lcd.o
    0x20000061        -       0x00000001   Zero   RW           91    .bss.ms_active      systick_delay.o
    0x20000062   0x000029bc   0x00000002   PAD
    0x20000064        -       0x00000004   Zero   RW           90    .bss.ms_elapsed     systick_delay.o
    0x20000068        -       0x00000004   Zero   RW           89    .bss.us_elapsed     systick_delay.o
    0x2000006c   0x000029bc   0x00000004   PAD
    0x20000070        -       0x00000000   Zero   RW           99    HEAP                startup_tm4c123.o
    0x20000070        -       0x00000200   Zero   RW           98    STACK               startup_tm4c123.o


==============================================================================

Image component sizes


      Code (inc. data)   RO Data    RW Data    ZI Data      Debug   Object Name

       904          0          8          0          1      10087   lcd.o
       546          0         97          0          0       1635   main.o
       254          0          0          0          0       7059   pulse_sensor.o
       276         24        620          0        512       5480   startup_tm4c123.o
       268          0          0          0          0       6743   system_tm4c123.o
       230          0          0          0          9       1294   systick_delay.o

    ----------------------------------------------------------------------
      2506         24        744          0        528      32298   Object Totals
         0          0         16          0          0          0   (incl. Generated)
        28          0          3          0          6          0   (incl. Padding)

    ----------------------------------------------------------------------

      Code (inc. data)   RO Data    RW Data    ZI Data      Debug   Library Member Name

         8          0          0          0          0         68   __main.o
       392          4         17          0          0         92   __printf_flags_ss_wp.o
        14          0          0          0          0         68   __printf_wp.o
         0          0          0          0          0          0   __rtentry.o
        12          0          0          0          0          0   __rtentry2.o
         6          0          0          0          0          0   __rtentry4.o
        94          8          0          0          0          0   __scatter.o
        28          0          0          0          0          0   __scatter_zi.o
        72          0          0          0          0         96   _c16rtomb.o
         6          0          0          0          0          0   _printf_a.o
         6          0          0          0          0          0   _printf_c.o
        44          0          0          0          0        108   _printf_char.o
        48          6          0          0          0         96   _printf_char_common.o
        40          0          0          0          0         68   _printf_charcount.o
         6          0          0          0          0          0   _printf_d.o
       120         16          0          0          0         92   _printf_dec.o
         6          0          0          0          0          0   _printf_e.o
         6          0          0          0          0          0   _printf_f.o
      1052          0          0          0          0        148   _printf_fp_dec.o
       764          8         38          0          0        100   _printf_fp_hex.o
       128         16          0          0          0         84   _printf_fp_infnan.o
         6          0          0          0          0          0   _printf_g.o
       148          4         40          0          0        160   _printf_hex_int_ll_ptr.o
         6          0          0          0          0          0   _printf_i.o
       178          0          0          0          0         88   _printf_intcommon.o
        10          0          0          0          0          0   _printf_l.o
         6          0          0          0          0          0   _printf_lc.o
        10          0          0          0          0          0   _printf_ll.o
         6          0          0          0          0          0   _printf_lld.o
         6          0          0          0          0          0   _printf_lli.o
         6          0          0          0          0          0   _printf_llo.o
         6          0          0          0          0          0   _printf_llu.o
         6          0          0          0          0          0   _printf_llx.o
       124         16          0          0          0         92   _printf_longlong_dec.o
         6          0          0          0          0          0   _printf_ls.o
         6          0          0          0          0          0   _printf_n.o
         6          0          0          0          0          0   _printf_o.o
       112          8          0          0          0        124   _printf_oct_int_ll.o
         6          0          0          0          0          0   _printf_p.o
        78          0          0          0          0        108   _printf_pad.o
         0          0          0          0          0          0   _printf_percent.o
         4          0          0          0          0          0   _printf_percent_end.o
         6          0          0          0          0          0   _printf_s.o
        82          0          0          0          0         80   _printf_str.o
        36          0          0          0          0         84   _printf_truncate.o
         6          0          0          0          0          0   _printf_u.o
        44          0          0          0          0        108   _printf_wchar.o
       188          6          8          0          0         92   _printf_wctomb.o
         6          0          0          0          0          0   _printf_x.o
        10          0          0          0          0         68   _sputc.o
       228          4        148          0          0         96   bigflt0.o
      1936        128          0          0          0        668   btod.o
        18          0          0          0          0         80   exit.o
         6          0          0          0          0        152   heapauxi.o
         0          0          0          0          0          0   indicate_semi.o
        44         10        272          0          0         76   lc_ctype_c.o
        44         10         28          0          0         76   lc_numeric_c.o
         2          0          0          0          0          0   libinit.o
        34          0          0          0          0          0   libinit2.o
         2          0          0          0          0          0   libshutdown.o
         2          0          0          0          0          0   libshutdown2.o
         8          4          0          0         96         68   libspace.o
       138          0          0          0          0         80   lludiv10.o
        16          4          0          0          0         76   rt_ctype_table.o
         8          4          0          0          0         68   rt_locale_intlibspace.o
         2          0          0          0          0          0   rtexit.o
        10          0          0          0          0          0   rtexit2.o
        44          6          0          0          0         84   sprintf.o
       124          0          0          0          0         88   strcmpv7em.o
        62          0          0          0          0         76   strlen.o
        12          4          0          0          0         68   sys_exit.o
        74          0          0          0          0         80   sys_stackheap_outer.o
         2          0          0          0          0         68   use_no_semi.o
        26          0          0          0          0        116   fpinit.o
         4          0          0          0          0        116   printf1.o
         4          0          0          0          0        116   printf2.o
         0          0          0          0          0          0   usenofp.o
        48          0          0          0          0        124   fpclassify.o

    ----------------------------------------------------------------------
      6882        266        552          0         96       4400   Library Totals
        18          0          1          0          0          0   (incl. Padding)

    ----------------------------------------------------------------------

      Code (inc. data)   RO Data    RW Data    ZI Data      Debug   Library Name

      6782        266        551          0         96       3928   c_w.l
        34          0          0          0          0        348   fz_wm.l
        48          0          0          0          0        124   m_wm.l

    ----------------------------------------------------------------------
      6882        266        552          0         96       4400   Library Totals

    ----------------------------------------------------------------------

==============================================================================


      Code (inc. data)   RO Data    RW Data    ZI Data      Debug   

      9388        290       1296          0        624      34338   Grand Totals
      9388        290       1296          0        624      34338   ELF Image Totals
      9388        290       1296          0          0          0   ROM Totals

==============================================================================

    Total RO  Size (Code + RO Data)                10684 (  10.43kB)
    Total RW  Size (RW Data + ZI Data)               624 (   0.61kB)
    Total ROM Size (Code + RO Data + RW Data)      10684 (  10.43kB)

==============================================================================

